Archive member included to satisfy reference by file (symbol)

c:/program files (x86)/gnu tools arm embedded/7 2017-q4-major/bin/../lib/gcc/arm-none-eabi/7.2.1/../../../../arm-none-eabi/lib/thumb/v7-m\libg_nano.a(lib_a-errno.o)
                              ./system/src/newlib/_sbrk.o (__errno)
c:/program files (x86)/gnu tools arm embedded/7 2017-q4-major/bin/../lib/gcc/arm-none-eabi/7.2.1/../../../../arm-none-eabi/lib/thumb/v7-m\libg_nano.a(lib_a-impure.o)
                              c:/program files (x86)/gnu tools arm embedded/7 2017-q4-major/bin/../lib/gcc/arm-none-eabi/7.2.1/../../../../arm-none-eabi/lib/thumb/v7-m\libg_nano.a(lib_a-errno.o) (_impure_ptr)
c:/program files (x86)/gnu tools arm embedded/7 2017-q4-major/bin/../lib/gcc/arm-none-eabi/7.2.1/../../../../arm-none-eabi/lib/thumb/v7-m\libg_nano.a(lib_a-strlen.o)
                              ./system/src/diag/Trace.o (strlen)
c:/program files (x86)/gnu tools arm embedded/7 2017-q4-major/bin/../lib/gcc/arm-none-eabi/7.2.1/../../../../arm-none-eabi/lib/thumb/v7-m\libg_nano.a(lib_a-vsnprintf.o)
                              ./system/src/diag/Trace.o (vsnprintf)
c:/program files (x86)/gnu tools arm embedded/7 2017-q4-major/bin/../lib/gcc/arm-none-eabi/7.2.1/../../../../arm-none-eabi/lib/thumb/v7-m\libg_nano.a(lib_a-nano-svfprintf.o)
                              c:/program files (x86)/gnu tools arm embedded/7 2017-q4-major/bin/../lib/gcc/arm-none-eabi/7.2.1/../../../../arm-none-eabi/lib/thumb/v7-m\libg_nano.a(lib_a-vsnprintf.o) (_svfprintf_r)
c:/program files (x86)/gnu tools arm embedded/7 2017-q4-major/bin/../lib/gcc/arm-none-eabi/7.2.1/../../../../arm-none-eabi/lib/thumb/v7-m\libg_nano.a(lib_a-nano-vfprintf_i.o)
                              c:/program files (x86)/gnu tools arm embedded/7 2017-q4-major/bin/../lib/gcc/arm-none-eabi/7.2.1/../../../../arm-none-eabi/lib/thumb/v7-m\libg_nano.a(lib_a-nano-svfprintf.o) (_printf_i)
c:/program files (x86)/gnu tools arm embedded/7 2017-q4-major/bin/../lib/gcc/arm-none-eabi/7.2.1/../../../../arm-none-eabi/lib/thumb/v7-m\libg_nano.a(lib_a-memchr-stub.o)
                              c:/program files (x86)/gnu tools arm embedded/7 2017-q4-major/bin/../lib/gcc/arm-none-eabi/7.2.1/../../../../arm-none-eabi/lib/thumb/v7-m\libg_nano.a(lib_a-nano-svfprintf.o) (memchr)
c:/program files (x86)/gnu tools arm embedded/7 2017-q4-major/bin/../lib/gcc/arm-none-eabi/7.2.1/../../../../arm-none-eabi/lib/thumb/v7-m\libg_nano.a(lib_a-memcpy-stub.o)
                              c:/program files (x86)/gnu tools arm embedded/7 2017-q4-major/bin/../lib/gcc/arm-none-eabi/7.2.1/../../../../arm-none-eabi/lib/thumb/v7-m\libg_nano.a(lib_a-nano-svfprintf.o) (memcpy)
c:/program files (x86)/gnu tools arm embedded/7 2017-q4-major/bin/../lib/gcc/arm-none-eabi/7.2.1/../../../../arm-none-eabi/lib/thumb/v7-m\libg_nano.a(lib_a-memmove.o)
                              c:/program files (x86)/gnu tools arm embedded/7 2017-q4-major/bin/../lib/gcc/arm-none-eabi/7.2.1/../../../../arm-none-eabi/lib/thumb/v7-m\libg_nano.a(lib_a-nano-svfprintf.o) (memmove)
c:/program files (x86)/gnu tools arm embedded/7 2017-q4-major/bin/../lib/gcc/arm-none-eabi/7.2.1/../../../../arm-none-eabi/lib/thumb/v7-m\libg_nano.a(lib_a-nano-freer.o)
                              c:/program files (x86)/gnu tools arm embedded/7 2017-q4-major/bin/../lib/gcc/arm-none-eabi/7.2.1/../../../../arm-none-eabi/lib/thumb/v7-m\libg_nano.a(lib_a-nano-svfprintf.o) (_free_r)
c:/program files (x86)/gnu tools arm embedded/7 2017-q4-major/bin/../lib/gcc/arm-none-eabi/7.2.1/../../../../arm-none-eabi/lib/thumb/v7-m\libg_nano.a(lib_a-nano-mallocr.o)
                              c:/program files (x86)/gnu tools arm embedded/7 2017-q4-major/bin/../lib/gcc/arm-none-eabi/7.2.1/../../../../arm-none-eabi/lib/thumb/v7-m\libg_nano.a(lib_a-nano-svfprintf.o) (_malloc_r)
c:/program files (x86)/gnu tools arm embedded/7 2017-q4-major/bin/../lib/gcc/arm-none-eabi/7.2.1/../../../../arm-none-eabi/lib/thumb/v7-m\libg_nano.a(lib_a-nano-reallocr.o)
                              c:/program files (x86)/gnu tools arm embedded/7 2017-q4-major/bin/../lib/gcc/arm-none-eabi/7.2.1/../../../../arm-none-eabi/lib/thumb/v7-m\libg_nano.a(lib_a-nano-svfprintf.o) (_realloc_r)
c:/program files (x86)/gnu tools arm embedded/7 2017-q4-major/bin/../lib/gcc/arm-none-eabi/7.2.1/../../../../arm-none-eabi/lib/thumb/v7-m\libg_nano.a(lib_a-sbrkr.o)
                              c:/program files (x86)/gnu tools arm embedded/7 2017-q4-major/bin/../lib/gcc/arm-none-eabi/7.2.1/../../../../arm-none-eabi/lib/thumb/v7-m\libg_nano.a(lib_a-nano-mallocr.o) (_sbrk_r)
c:/program files (x86)/gnu tools arm embedded/7 2017-q4-major/bin/../lib/gcc/arm-none-eabi/7.2.1/../../../../arm-none-eabi/lib/thumb/v7-m\libg_nano.a(lib_a-mlock.o)
                              c:/program files (x86)/gnu tools arm embedded/7 2017-q4-major/bin/../lib/gcc/arm-none-eabi/7.2.1/../../../../arm-none-eabi/lib/thumb/v7-m\libg_nano.a(lib_a-nano-freer.o) (__malloc_lock)
[...]
Memory Configuration

Name             Origin             Length             Attributes
RAM              0x20000000         0x00005000         xrw
CCMRAM           0x00000000         0x00000000         xrw
FLASH            0x08000000         0x00010000         xr
FLASHB1          0x00000000         0x00000000         xr
EXTMEMB0         0x00000000         0x00000000         xr
EXTMEMB1         0x00000000         0x00000000         xr
EXTMEMB2         0x00000000         0x00000000         xr
EXTMEMB3         0x00000000         0x00000000         xr
MEMORY_ARRAY     0x00000000         0x00000000         xrw
*default*        0x00000000         0xffffffff

Linker script and memory map

LOAD ./system/src/stm32f1-stdperiph/misc.o
LOAD ./system/src/stm32f1-stdperiph/stm32f10x_gpio.o
LOAD ./system/src/stm32f1-stdperiph/stm32f10x_i2c.o
LOAD ./system/src/stm32f1-stdperiph/stm32f10x_rcc.o
LOAD ./system/src/newlib/_cxx.o
LOAD ./system/src/newlib/_exit.o
LOAD ./system/src/newlib/_sbrk.o
LOAD ./system/src/newlib/_startup.o
LOAD ./system/src/newlib/_syscalls.o
LOAD ./system/src/newlib/assert.o
LOAD ./system/src/diag/Trace.o
LOAD ./system/src/diag/trace_impl.o
LOAD ./system/src/cortexm/_initialize_hardware.o
LOAD ./system/src/cortexm/_reset_hardware.o
LOAD ./system/src/cortexm/exception_handlers.o
LOAD ./system/src/cmsis/system_stm32f10x.o
LOAD ./system/src/cmsis/vectors_stm32f10x.o
LOAD ./src/_write.o
LOAD ./src/i2c_driver.o
LOAD ./src/main.o
LOAD ./src/mpu6050_i2c_driver.o
LOAD c:/program files (x86)/gnu tools arm embedded/7 2017-q4-major/bin/../lib/gcc/arm-none-eabi/7.2.1/../../../../arm-none-eabi/lib/thumb/v7-m\libstdc++_nano.a
LOAD c:/program files (x86)/gnu tools arm embedded/7 2017-q4-major/bin/../lib/gcc/arm-none-eabi/7.2.1/../../../../arm-none-eabi/lib/thumb/v7-m\libm.a
START GROUP
LOAD c:/program files (x86)/gnu tools arm embedded/7 2017-q4-major/bin/../lib/gcc/arm-none-eabi/7.2.1/thumb/v7-m\libgcc.a
LOAD c:/program files (x86)/gnu tools arm embedded/7 2017-q4-major/bin/../lib/gcc/arm-none-eabi/7.2.1/../../../../arm-none-eabi/lib/thumb/v7-m\libg_nano.a
LOAD c:/program files (x86)/gnu tools arm embedded/7 2017-q4-major/bin/../lib/gcc/arm-none-eabi/7.2.1/../../../../arm-none-eabi/lib/thumb/v7-m\libc_nano.a
END GROUP
START GROUP
LOAD c:/program files (x86)/gnu tools arm embedded/7 2017-q4-major/bin/../lib/gcc/arm-none-eabi/7.2.1/thumb/v7-m\libgcc.a
LOAD c:/program files (x86)/gnu tools arm embedded/7 2017-q4-major/bin/../lib/gcc/arm-none-eabi/7.2.1/../../../../arm-none-eabi/lib/thumb/v7-m\libc_nano.a
END GROUP
                0x20005000                __stack = (ORIGIN (RAM) + LENGTH (RAM))
                0x20005000                _estack = __stack
                0x00000400                __Main_Stack_Size = 0x400
                [!provide]                PROVIDE (_Main_Stack_Size, __Main_Stack_Size)
                0x20004c00                __Main_Stack_Limit = (__stack - __Main_Stack_Size)
                [!provide]                PROVIDE (_Main_Stack_Limit, __Main_Stack_Limit)
                0x00000100                _Minimum_Stack_Size = 0x100
                0x20000124                PROVIDE (_Heap_Begin, _end_noinit)
                0x20004c00                PROVIDE (_Heap_Limit, (__stack - __Main_Stack_Size))

.isr_vector     0x08000000      0x350
 FILL mask 0xff
                0x08000000                __vectors_start = ABSOLUTE (.)
                0x08000000                __vectors_start__ = ABSOLUTE (.)
 *(.isr_vector)
 .isr_vector    0x08000000      0x10c ./system/src/cmsis/vectors_stm32f10x.o
                0x08000000                __isr_vectors
 *(.cfmconfig)
 *(.after_vectors .after_vectors.*)
 .after_vectors
                0x0800010c      0x114 ./system/src/newlib/_startup.o
                0x0800010c                _start
 .after_vectors
                0x08000220      0x12c ./system/src/cortexm/exception_handlers.o
                0x08000220                Reset_Handler
                0x08000226                NMI_Handler
                0x0800022a                HardFault_Handler
                0x0800023e                HardFault_Handler_C
                0x0800029c                MemManage_Handler
                0x080002a0                BusFault_Handler
                0x080002b4                BusFault_Handler_C
                0x080002e8                UsageFault_Handler
                0x080002fc                UsageFault_Handler_C
                0x08000330                SVC_Handler
                0x08000334                DebugMon_Handler
                0x08000338                PendSV_Handler
                0x0800033c                SysTick_Handler
 .after_vectors
                0x0800034c        0x4 ./system/src/cmsis/vectors_stm32f10x.o
                0x0800034c                EXTI2_IRQHandler
                0x0800034c                TIM8_TRG_COM_IRQHandler
                0x0800034c                TIM8_CC_IRQHandler
                0x0800034c                TIM1_CC_IRQHandler
                0x0800034c                TIM6_IRQHandler
                0x0800034c                PVD_IRQHandler
                0x0800034c                SDIO_IRQHandler
                0x0800034c                CAN2_RX1_IRQHandler
                0x0800034c                EXTI3_IRQHandler
                0x0800034c                TIM8_TRG_COM_TIM14_IRQHandler
                0x0800034c                TIM1_UP_TIM10_IRQHandler
                0x0800034c                TIM8_UP_TIM13_IRQHandler
                0x0800034c                EXTI0_IRQHandler
                0x0800034c                I2C2_EV_IRQHandler
                0x0800034c                CAN1_RX0_IRQHandler
                0x0800034c                TIM1_UP_TIM16_IRQHandler
                0x0800034c                CAN2_SCE_IRQHandler
                0x0800034c                ADC1_2_IRQHandler
                0x0800034c                SPI1_IRQHandler
                0x0800034c                TAMPER_IRQHandler
                0x0800034c                TIM6_DAC_IRQHandler
                0x0800034c                TIM1_BRK_TIM9_IRQHandler
                0x0800034c                CAN2_RX0_IRQHandler
                0x0800034c                TIM8_UP_IRQHandler
                0x0800034c                DMA2_Channel2_IRQHandler
                0x0800034c                DMA1_Channel4_IRQHandler
                0x0800034c                USART3_IRQHandler
                0x0800034c                RTC_IRQHandler
                0x0800034c                DMA1_Channel7_IRQHandler
                0x0800034c                CAN1_RX1_IRQHandler
                0x0800034c                UART5_IRQHandler
                0x0800034c                ADC3_IRQHandler
                0x0800034c                TIM4_IRQHandler
                0x0800034c                DMA2_Channel1_IRQHandler
                0x0800034c                I2C1_EV_IRQHandler
                0x0800034c                DMA1_Channel6_IRQHandler
                0x0800034c                UART4_IRQHandler
                0x0800034c                DMA2_Channel4_IRQHandler
                0x0800034c                TIM3_IRQHandler
                0x0800034c                RCC_IRQHandler
                0x0800034c                TIM8_BRK_TIM12_IRQHandler
                0x0800034c                TIM1_TRG_COM_IRQHandler
                0x0800034c                DMA1_Channel1_IRQHandler
                0x0800034c                Default_Handler
                0x0800034c                CEC_IRQHandler
                0x0800034c                EXTI15_10_IRQHandler
                0x0800034c                TIM14_IRQHandler
                0x0800034c                TIM13_IRQHandler
                0x0800034c                TIM12_IRQHandler
                0x0800034c                TIM7_IRQHandler
                0x0800034c                CAN2_TX_IRQHandler
                0x0800034c                TIM5_IRQHandler
                0x0800034c                EXTI9_5_IRQHandler
                0x0800034c                ETH_WKUP_IRQHandler
                0x0800034c                SPI2_IRQHandler
                0x0800034c                CAN1_TX_IRQHandler
                0x0800034c                DMA2_Channel5_IRQHandler
                0x0800034c                DMA1_Channel5_IRQHandler
                0x0800034c                EXTI4_IRQHandler
                0x0800034c                USB_LP_CAN1_RX0_IRQHandler
                0x0800034c                TIM1_TRG_COM_TIM17_IRQHandler
                0x0800034c                USB_HP_CAN1_TX_IRQHandler
                0x0800034c                DMA1_Channel3_IRQHandler
                0x0800034c                FSMC_IRQHandler
                0x0800034c                ETH_IRQHandler
                0x0800034c                TIM1_UP_IRQHandler
                0x0800034c                WWDG_IRQHandler
                0x0800034c                TIM2_IRQHandler
                0x0800034c                OTG_FS_WKUP_IRQHandler
                0x0800034c                TIM1_TRG_COM_TIM11_IRQHandler
                0x0800034c                TIM1_BRK_IRQHandler
                0x0800034c                EXTI1_IRQHandler
                0x0800034c                RTCAlarm_IRQHandler
                0x0800034c                DMA2_Channel4_5_IRQHandler
                0x0800034c                USART2_IRQHandler
                0x0800034c                I2C2_ER_IRQHandler
                0x0800034c                DMA1_Channel2_IRQHandler
                0x0800034c                TIM8_BRK_IRQHandler
                0x0800034c                CAN1_SCE_IRQHandler
                0x0800034c                FLASH_IRQHandler
                0x0800034c                USART1_IRQHandler
                0x0800034c                OTG_FS_IRQHandler
                0x0800034c                SPI3_IRQHandler
                0x0800034c                I2C1_ER_IRQHandler
                0x0800034c                USBWakeUp_IRQHandler
                0x0800034c                DMA2_Channel3_IRQHandler
                0x0800034c                TIM1_BRK_TIM15_IRQHandler

.inits          0x08000350       0x28
                0x08000350                __data_regions_array_start = .
                0x08000350        0x4 LONG 0x80014a8 LOADADDR (.data)
                0x08000354        0x4 LONG 0x20000000 ADDR (.data)
                0x08000358        0x4 LONG 0x20000088 (ADDR (.data) + SIZEOF (.data))
                0x0800035c        0x4 LONG 0x80014a8 LOADADDR (.data_CCMRAM)
                0x08000360        0x4 LONG 0x0 ADDR (.data_CCMRAM)
                0x08000364        0x4 LONG 0x0 (ADDR (.data_CCMRAM) + SIZEOF (.data_CCMRAM))
                0x08000368                __data_regions_array_end = .
                0x08000368                __bss_regions_array_start = .
                0x08000368        0x4 LONG 0x20000088 ADDR (.bss)
                0x0800036c        0x4 LONG 0x20000124 (ADDR (.bss) + SIZEOF (.bss))
                0x08000370        0x4 LONG 0x0 ADDR (.bss_CCMRAM)
                0x08000374        0x4 LONG 0x0 (ADDR (.bss_CCMRAM) + SIZEOF (.bss_CCMRAM))
                0x08000378                __bss_regions_array_end = .
 *(.init)
 *(.fini)
                0x08000378                . = ALIGN (0x4)
                0x08000378                PROVIDE (__preinit_array_start, .)
 *(.preinit_array_sysinit .preinit_array_sysinit.*)
 *(.preinit_array_platform .preinit_array_platform.*)
 *(.preinit_array .preinit_array.*)
                0x08000378                PROVIDE (__preinit_array_end, .)
                0x08000378                . = ALIGN (0x4)
                0x08000378                PROVIDE (__init_array_start, .)
 *(SORT_BY_NAME(.init_array.*))
 *(.init_array)
                0x08000378                PROVIDE (__init_array_end, .)
                0x08000378                . = ALIGN (0x4)
                0x08000378                PROVIDE (__fini_array_start, .)
 *(SORT_BY_NAME(.fini_array.*))
 *(.fini_array)
                0x08000378                PROVIDE (__fini_array_end, .)

.flashtext
 *(.flashtext .flashtext.*)

.text           0x08000378     0x112f
 *(.text .text.*)
 .text.GPIO_Init
                0x08000378      0x134 ./system/src/stm32f1-stdperiph/stm32f10x_gpio.o
                0x08000378                GPIO_Init
 .text.GPIO_ResetBits
                0x080004ac       0x60 ./system/src/stm32f1-stdperiph/stm32f10x_gpio.o
                0x080004ac                GPIO_ResetBits
 .text.RCC_APB2PeriphClockCmd
                0x0800050c       0x4c ./system/src/stm32f1-stdperiph/stm32f10x_rcc.o
                0x0800050c                RCC_APB2PeriphClockCmd
 .text._exit    0x08000558        0x2 ./system/src/newlib/_exit.o
                0x08000558                _exit
 *fill*         0x0800055a        0x2 
 .text.abort    0x0800055c       0x14 ./system/src/newlib/_exit.o
                0x0800055c                abort
 .text._sbrk    0x08000570       0x44 ./system/src/newlib/_sbrk.o
                0x08000570                _sbrk
 .text.__initialize_args
                0x080005b4       0x10 ./system/src/newlib/_syscalls.o
                0x080005b4                __initialize_args
 .text.assert_failed
                0x080005c4       0x14 ./system/src/newlib/assert.o
                0x080005c4                assert_failed
 .text.trace_printf
                0x080005d8       0x30 ./system/src/diag/Trace.o
                0x080005d8                trace_printf
 .text.trace_puts
                0x08000608       0x20 ./system/src/diag/Trace.o
                0x08000608                trace_puts
 .text._trace_write_semihosting_debug
                0x08000628       0x60 ./system/src/diag/trace_impl.o
 .text.trace_write
                0x08000688        0x8 ./system/src/diag/trace_impl.o
                0x08000688                trace_write
 .text.__initialize_hardware_early
                0x08000690       0x18 ./system/src/cortexm/_initialize_hardware.o
                0x08000690                __initialize_hardware_early
 .text.__initialize_hardware
                0x080006a8        0x8 ./system/src/cortexm/_initialize_hardware.o
                0x080006a8                __initialize_hardware
 .text.dumpExceptionStack
                0x080006b0       0xf4 ./system/src/cortexm/exception_handlers.o
                0x080006b0                dumpExceptionStack
 .text.isSemihosting
                0x080007a4       0x20 ./system/src/cortexm/exception_handlers.o
                0x080007a4                isSemihosting
 .text.SetSysClockTo72
                0x080007c4       0xc4 ./system/src/cmsis/system_stm32f10x.o
 .text.SetSysClock
                0x08000888        0x8 ./system/src/cmsis/system_stm32f10x.o
 .text.SystemInit
                0x08000890       0x50 ./system/src/cmsis/system_stm32f10x.o
                0x08000890                SystemInit
 .text.SystemCoreClockUpdate
                0x080008e0       0x9c ./system/src/cmsis/system_stm32f10x.o
                0x080008e0                SystemCoreClockUpdate
 .text.main     0x0800097c       0x64 ./src/main.o
                0x0800097c                main
 .text.__errno  0x080009e0        0xc c:/program files (x86)/gnu tools arm embedded/7 2017-q4-major/bin/../lib/gcc/arm-none-eabi/7.2.1/../../../../arm-none-eabi/lib/thumb/v7-m\libg_nano.a(lib_a-errno.o)
                0x080009e0                __errno
 .text          0x080009ec       0x10 c:/program files (x86)/gnu tools arm embedded/7 2017-q4-major/bin/../lib/gcc/arm-none-eabi/7.2.1/../../../../arm-none-eabi/lib/thumb/v7-m\libg_nano.a(lib_a-strlen.o)
                0x080009ec                strlen
 .text._vsnprintf_r
                0x080009fc       0x58 c:/program files (x86)/gnu tools arm embedded/7 2017-q4-major/bin/../lib/gcc/arm-none-eabi/7.2.1/../../../../arm-none-eabi/lib/thumb/v7-m\libg_nano.a(lib_a-vsnprintf.o)
                0x080009fc                _vsniprintf_r
                0x080009fc                _vsnprintf_r
 .text.vsnprintf
                0x08000a54       0x1c c:/program files (x86)/gnu tools arm embedded/7 2017-q4-major/bin/../lib/gcc/arm-none-eabi/7.2.1/../../../../arm-none-eabi/lib/thumb/v7-m\libg_nano.a(lib_a-vsnprintf.o)
                0x08000a54                vsniprintf
                0x08000a54                vsnprintf
 .text.__ssputs_r
                0x08000a70       0xb4 c:/program files (x86)/gnu tools arm embedded/7 2017-q4-major/bin/../lib/gcc/arm-none-eabi/7.2.1/../../../../arm-none-eabi/lib/thumb/v7-m\libg_nano.a(lib_a-nano-svfprintf.o)
                0x08000a70                __ssputs_r
 .text._svfprintf_r
                0x08000b24      0x1ec c:/program files (x86)/gnu tools arm embedded/7 2017-q4-major/bin/../lib/gcc/arm-none-eabi/7.2.1/../../../../arm-none-eabi/lib/thumb/v7-m\libg_nano.a(lib_a-nano-svfprintf.o)
                0x08000b24                _svfiprintf_r
                0x08000b24                _svfprintf_r
 .text._printf_common
                0x08000d10       0xec c:/program files (x86)/gnu tools arm embedded/7 2017-q4-major/bin/../lib/gcc/arm-none-eabi/7.2.1/../../../../arm-none-eabi/lib/thumb/v7-m\libg_nano.a(lib_a-nano-vfprintf_i.o)
                0x08000d10                _printf_common
 .text._printf_i
                0x08000dfc      0x224 c:/program files (x86)/gnu tools arm embedded/7 2017-q4-major/bin/../lib/gcc/arm-none-eabi/7.2.1/../../../../arm-none-eabi/lib/thumb/v7-m\libg_nano.a(lib_a-nano-vfprintf_i.o)
                0x08000dfc                _printf_i
 .text.memchr   0x08001020       0x1c c:/program files (x86)/gnu tools arm embedded/7 2017-q4-major/bin/../lib/gcc/arm-none-eabi/7.2.1/../../../../arm-none-eabi/lib/thumb/v7-m\libg_nano.a(lib_a-memchr-stub.o)
                0x08001020                memchr
 .text.memcpy   0x0800103c       0x16 c:/program files (x86)/gnu tools arm embedded/7 2017-q4-major/bin/../lib/gcc/arm-none-eabi/7.2.1/../../../../arm-none-eabi/lib/thumb/v7-m\libg_nano.a(lib_a-memcpy-stub.o)
                0x0800103c                memcpy
 .text.memmove  0x08001052       0x32 c:/program files (x86)/gnu tools arm embedded/7 2017-q4-major/bin/../lib/gcc/arm-none-eabi/7.2.1/../../../../arm-none-eabi/lib/thumb/v7-m\libg_nano.a(lib_a-memmove.o)
                0x08001052                memmove
 .text._free_r  0x08001084       0x98 c:/program files (x86)/gnu tools arm embedded/7 2017-q4-major/bin/../lib/gcc/arm-none-eabi/7.2.1/../../../../arm-none-eabi/lib/thumb/v7-m\libg_nano.a(lib_a-nano-freer.o)
                0x08001084                _free_r
 .text._malloc_r
                0x0800111c       0xb4 c:/program files (x86)/gnu tools arm embedded/7 2017-q4-major/bin/../lib/gcc/arm-none-eabi/7.2.1/../../../../arm-none-eabi/lib/thumb/v7-m\libg_nano.a(lib_a-nano-mallocr.o)
                0x0800111c                _malloc_r
 .text._realloc_r
                0x080011d0       0x4c c:/program files (x86)/gnu tools arm embedded/7 2017-q4-major/bin/../lib/gcc/arm-none-eabi/7.2.1/../../../../arm-none-eabi/lib/thumb/v7-m\libg_nano.a(lib_a-nano-reallocr.o)
                0x080011d0                _realloc_r
 .text._sbrk_r  0x0800121c       0x20 c:/program files (x86)/gnu tools arm embedded/7 2017-q4-major/bin/../lib/gcc/arm-none-eabi/7.2.1/../../../../arm-none-eabi/lib/thumb/v7-m\libg_nano.a(lib_a-sbrkr.o)
                0x0800121c                _sbrk_r
 .text.__malloc_lock
                0x0800123c        0x2 c:/program files (x86)/gnu tools arm embedded/7 2017-q4-major/bin/../lib/gcc/arm-none-eabi/7.2.1/../../../../arm-none-eabi/lib/thumb/v7-m\libg_nano.a(lib_a-mlock.o)
                0x0800123c                __malloc_lock
 .text.__malloc_unlock
                0x0800123e        0x2 c:/program files (x86)/gnu tools arm embedded/7 2017-q4-major/bin/../lib/gcc/arm-none-eabi/7.2.1/../../../../arm-none-eabi/lib/thumb/v7-m\libg_nano.a(lib_a-mlock.o)
                0x0800123e                __malloc_unlock
 .text._malloc_usable_size_r
                0x08001240       0x10 c:/program files (x86)/gnu tools arm embedded/7 2017-q4-major/bin/../lib/gcc/arm-none-eabi/7.2.1/../../../../arm-none-eabi/lib/thumb/v7-m\libg_nano.a(lib_a-nano-msizer.o)
                0x08001240                _malloc_usable_size_r
 *(.rodata .rodata.* .constdata .constdata.*)
 .rodata.GPIO_DeInit.str1.4
                0x08001250       0x31 ./system/src/stm32f1-stdperiph/stm32f10x_gpio.o
 *fill*         0x08001281        0x3 
 .rodata.RCC_HSEConfig.str1.4
                0x08001284       0x30 ./system/src/stm32f1-stdperiph/stm32f10x_rcc.o
 .rodata.abort.str1.4
                0x080012b4       0x14 ./system/src/newlib/_exit.o
 .rodata.assert_failed.str1.4
                0x080012c8       0x2b ./system/src/newlib/assert.o
 .rodata.trace_puts.str1.4
                0x080012f3       0x2b ./system/src/diag/Trace.o
                                  0x2 (size before relaxing)
 *fill*         0x080012f3        0x1 
 .rodata.dumpExceptionStack.str1.4
                0x080012f4      0x11a ./system/src/cortexm/exception_handlers.o
 *fill*         0x0800140e        0x2 
 .rodata.str1.4
                0x08001410       0x2a ./system/src/cortexm/exception_handlers.o
 *fill*         0x0800143a        0x2 
 .rodata.main.str1.4
                0x0800143c       0x38 ./src/main.o
                                 0x37 (size before relaxing)
 .rodata._svfprintf_r.str1.1
                0x08001474       0x11 c:/program files (x86)/gnu tools arm embedded/7 2017-q4-major/bin/../lib/gcc/arm-none-eabi/7.2.1/../../../../arm-none-eabi/lib/thumb/v7-m\libg_nano.a(lib_a-nano-svfprintf.o)
 .rodata._printf_i.str1.1
                0x08001485       0x22 c:/program files (x86)/gnu tools arm embedded/7 2017-q4-major/bin/../lib/gcc/arm-none-eabi/7.2.1/../../../../arm-none-eabi/lib/thumb/v7-m\libg_nano.a(lib_a-nano-vfprintf_i.o)
 *(vtable)
 *(.eh_frame*)
 *(.glue_7)
 .glue_7        0x080014a7        0x0 linker stubs
 *(.glue_7t)
 .glue_7t       0x080014a7        0x0 linker stubs

.vfp11_veneer   0x080014a8        0x0
 .vfp11_veneer  0x080014a8        0x0 linker stubs

.v4_bx          0x080014a8        0x0
 .v4_bx         0x080014a8        0x0 linker stubs

.iplt           0x080014a8        0x0
 .iplt          0x080014a8        0x0 ./system/src/stm32f1-stdperiph/stm32f10x_gpio.o

.rel.dyn        0x080014a8        0x0
 .rel.iplt      0x080014a8        0x0 ./system/src/stm32f1-stdperiph/stm32f10x_gpio.o

.ARM.extab
 *(.ARM.extab* .gnu.linkonce.armextab.*)
                0x080014a8                . = ALIGN (0x4)
                0x080014a8                __exidx_start = .

.ARM.exidx
 *(.ARM.exidx* .gnu.linkonce.armexidx.*)
                0x080014a8                __exidx_end = .
                0x080014a8                . = ALIGN (0x4)
                0x080014a8                _etext = .
                0x080014a8                __etext = .

.data_CCMRAM    0x00000000        0x0 load address 0x080014a8
 FILL mask 0xff
 *(.data.CCMRAM .data.CCMRAM.*)
                0x00000000                . = ALIGN (0x4)
                0x080014a8                _sidata = LOADADDR (.data)

.data           0x20000000       0x88 load address 0x080014a8
 FILL mask 0xff
                0x20000000                _sdata = .
                0x20000000                __data_start__ = .
 *(.data_begin .data_begin.*)
 .data_begin    0x20000000        0x4 ./system/src/newlib/_startup.o
 *(.data .data.*)
 .data.argv.4310
                0x20000004        0x8 ./system/src/newlib/_syscalls.o
 .data.AHBPrescTable
                0x2000000c       0x10 ./system/src/cmsis/system_stm32f10x.o
                0x2000000c                AHBPrescTable
 .data.SystemCoreClock
                0x2000001c        0x4 ./system/src/cmsis/system_stm32f10x.o
                0x2000001c                SystemCoreClock
 .data._impure_ptr
                0x20000020        0x4 c:/program files (x86)/gnu tools arm embedded/7 2017-q4-major/bin/../lib/gcc/arm-none-eabi/7.2.1/../../../../arm-none-eabi/lib/thumb/v7-m\libg_nano.a(lib_a-impure.o)
                0x20000020                _impure_ptr
 .data.impure_data
                0x20000024       0x60 c:/program files (x86)/gnu tools arm embedded/7 2017-q4-major/bin/../lib/gcc/arm-none-eabi/7.2.1/../../../../arm-none-eabi/lib/thumb/v7-m\libg_nano.a(lib_a-impure.o)
 *(.data_end .data_end.*)
 .data_end      0x20000084        0x4 ./system/src/newlib/_startup.o
                0x20000088                . = ALIGN (0x4)
                0x20000088                _edata = .
                0x20000088                __data_end__ = .

.igot.plt       0x20000088        0x0 load address 0x08001530
 .igot.plt      0x20000088        0x0 ./system/src/stm32f1-stdperiph/stm32f10x_gpio.o

.bss_CCMRAM     0x00000000        0x0
 *(.bss.CCMRAM .bss.CCMRAM.*)

.bss            0x20000088       0x9c
                0x20000088                __bss_start__ = .
                0x20000088                _sbss = .
 *(.bss_begin .bss_begin.*)
 .bss_begin     0x20000088        0x4 ./system/src/newlib/_startup.o
 *(.bss .bss.*)
 .bss.current_heap_end.3961
                0x2000008c        0x4 ./system/src/newlib/_sbrk.o
 .bss.name.4309
                0x20000090        0x1 ./system/src/newlib/_syscalls.o
 *fill*         0x20000091        0x3 
 .bss.buf.5205  0x20000094       0x80 ./system/src/diag/Trace.o
 .bss.__malloc_free_list
                0x20000114        0x4 c:/program files (x86)/gnu tools arm embedded/7 2017-q4-major/bin/../lib/gcc/arm-none-eabi/7.2.1/../../../../arm-none-eabi/lib/thumb/v7-m\libg_nano.a(lib_a-nano-mallocr.o)
                0x20000114                __malloc_free_list
 .bss.__malloc_sbrk_start
                0x20000118        0x4 c:/program files (x86)/gnu tools arm embedded/7 2017-q4-major/bin/../lib/gcc/arm-none-eabi/7.2.1/../../../../arm-none-eabi/lib/thumb/v7-m\libg_nano.a(lib_a-nano-mallocr.o)
                0x20000118                __malloc_sbrk_start
 *(COMMON)
 COMMON         0x2000011c        0x4 ./system/src/newlib/_syscalls.o
                0x2000011c                errno
 *(.bss_end .bss_end.*)
 .bss_end       0x20000120        0x4 ./system/src/newlib/_startup.o
                0x20000124                . = ALIGN (0x4)
                0x20000124                __bss_end__ = .
                0x20000124                _ebss = .

.noinit_CCMRAM
 *(.noinit.CCMRAM .noinit.CCMRAM.*)

.noinit         0x20000124        0x0
                0x20000124                _noinit = .
 *(.noinit .noinit.*)
                0x20000124                . = ALIGN (0x4)
                0x20000124                _end_noinit = .
                [!provide]                PROVIDE (end, _end_noinit)
                [!provide]                PROVIDE (_end, _end_noinit)
                [!provide]                PROVIDE (__end, _end_noinit)
                [!provide]                PROVIDE (__end__, _end_noinit)

._check_stack   0x20000124      0x100
                0x20000224                . = (. + _Minimum_Stack_Size)
 *fill*         0x20000124      0x100 

.b1text
 *(.b1text)
 *(.b1rodata)
 *(.b1rodata.*)

.eb0text
 *(.eb0text)
 *(.eb0rodata)
 *(.eb0rodata.*)

.eb1text
 *(.eb1text)
 *(.eb1rodata)
 *(.eb1rodata.*)

.eb2text
 *(.eb2text)
 *(.eb2rodata)
 *(.eb2rodata.*)

.eb3text
 *(.eb3text)
 *(.eb3rodata)
 *(.eb3rodata.*)

.stab
 *(.stab)

.stabstr
 *(.stabstr)

.stab.excl
 *(.stab.excl)

.stab.exclstr
 *(.stab.exclstr)

.stab.index
 *(.stab.index)

.stab.indexstr
 *(.stab.indexstr)

.comment        0x00000000       0x7e
 *(.comment)
 .comment       0x00000000       0x7e ./system/src/stm32f1-stdperiph/stm32f10x_gpio.o
                                 0x7f (size before relaxing)
 .comment       0x0000007e       0x7f ./system/src/stm32f1-stdperiph/stm32f10x_rcc.o
 .comment       0x0000007e       0x7f ./system/src/newlib/_exit.o
 .comment       0x0000007e       0x7f ./system/src/newlib/_sbrk.o
 .comment       0x0000007e       0x7f ./system/src/newlib/_startup.o
 .comment       0x0000007e       0x7f ./system/src/newlib/_syscalls.o
 .comment       0x0000007e       0x7f ./system/src/newlib/assert.o
 .comment       0x0000007e       0x7f ./system/src/diag/Trace.o
 .comment       0x0000007e       0x7f ./system/src/diag/trace_impl.o
 .comment       0x0000007e       0x7f ./system/src/cortexm/_initialize_hardware.o
 .comment       0x0000007e       0x7f ./system/src/cortexm/exception_handlers.o
 .comment       0x0000007e       0x7f ./system/src/cmsis/system_stm32f10x.o
 .comment       0x0000007e       0x7f ./system/src/cmsis/vectors_stm32f10x.o
 .comment       0x0000007e       0x7f ./src/main.o

.ARM.attributes
                0x00000000       0x31
 .ARM.attributes
                0x00000000       0x33 ./system/src/stm32f1-stdperiph/stm32f10x_gpio.o
 .ARM.attributes
                0x00000033       0x33 ./system/src/stm32f1-stdperiph/stm32f10x_rcc.o
 .ARM.attributes
                0x00000066       0x33 ./system/src/newlib/_exit.o
 .ARM.attributes
                0x00000099       0x33 ./system/src/newlib/_sbrk.o
 .ARM.attributes
                0x000000cc       0x33 ./system/src/newlib/_startup.o
 .ARM.attributes
                0x000000ff       0x33 ./system/src/newlib/_syscalls.o
 .ARM.attributes
                0x00000132       0x33 ./system/src/newlib/assert.o
 .ARM.attributes
                0x00000165       0x33 ./system/src/diag/Trace.o
 .ARM.attributes
                0x00000198       0x33 ./system/src/diag/trace_impl.o
 .ARM.attributes
                0x000001cb       0x33 ./system/src/cortexm/_initialize_hardware.o
 .ARM.attributes
                0x000001fe       0x33 ./system/src/cortexm/exception_handlers.o
 .ARM.attributes
                0x00000231       0x33 ./system/src/cmsis/system_stm32f10x.o
 .ARM.attributes
                0x00000264       0x33 ./system/src/cmsis/vectors_stm32f10x.o
 .ARM.attributes
                0x00000297       0x33 ./src/main.o
 .ARM.attributes
                0x000002ca       0x2d c:/program files (x86)/gnu tools arm embedded/7 2017-q4-major/bin/../lib/gcc/arm-none-eabi/7.2.1/../../../../arm-none-eabi/lib/thumb/v7-m\libg_nano.a(lib_a-errno.o)
 .ARM.attributes
                0x000002f7       0x2d c:/program files (x86)/gnu tools arm embedded/7 2017-q4-major/bin/../lib/gcc/arm-none-eabi/7.2.1/../../../../arm-none-eabi/lib/thumb/v7-m\libg_nano.a(lib_a-impure.o)
 .ARM.attributes
                0x00000324       0x17 c:/program files (x86)/gnu tools arm embedded/7 2017-q4-major/bin/../lib/gcc/arm-none-eabi/7.2.1/../../../../arm-none-eabi/lib/thumb/v7-m\libg_nano.a(lib_a-strlen.o)
 .ARM.attributes
                0x0000033b       0x2d c:/program files (x86)/gnu tools arm embedded/7 2017-q4-major/bin/../lib/gcc/arm-none-eabi/7.2.1/../../../../arm-none-eabi/lib/thumb/v7-m\libg_nano.a(lib_a-vsnprintf.o)
 .ARM.attributes
                0x00000368       0x2d c:/program files (x86)/gnu tools arm embedded/7 2017-q4-major/bin/../lib/gcc/arm-none-eabi/7.2.1/../../../../arm-none-eabi/lib/thumb/v7-m\libg_nano.a(lib_a-nano-svfprintf.o)
 .ARM.attributes
                0x00000395       0x2d c:/program files (x86)/gnu tools arm embedded/7 2017-q4-major/bin/../lib/gcc/arm-none-eabi/7.2.1/../../../../arm-none-eabi/lib/thumb/v7-m\libg_nano.a(lib_a-nano-vfprintf_i.o)
 .ARM.attributes
                0x000003c2       0x2d c:/program files (x86)/gnu tools arm embedded/7 2017-q4-major/bin/../lib/gcc/arm-none-eabi/7.2.1/../../../../arm-none-eabi/lib/thumb/v7-m\libg_nano.a(lib_a-memchr-stub.o)
 .ARM.attributes
                0x000003ef       0x2d c:/program files (x86)/gnu tools arm embedded/7 2017-q4-major/bin/../lib/gcc/arm-none-eabi/7.2.1/../../../../arm-none-eabi/lib/thumb/v7-m\libg_nano.a(lib_a-memcpy-stub.o)
 .ARM.attributes
                0x0000041c       0x2d c:/program files (x86)/gnu tools arm embedded/7 2017-q4-major/bin/../lib/gcc/arm-none-eabi/7.2.1/../../../../arm-none-eabi/lib/thumb/v7-m\libg_nano.a(lib_a-memmove.o)
 .ARM.attributes
                0x00000449       0x2d c:/program files (x86)/gnu tools arm embedded/7 2017-q4-major/bin/../lib/gcc/arm-none-eabi/7.2.1/../../../../arm-none-eabi/lib/thumb/v7-m\libg_nano.a(lib_a-nano-freer.o)
 .ARM.attributes
                0x00000476       0x2d c:/program files (x86)/gnu tools arm embedded/7 2017-q4-major/bin/../lib/gcc/arm-none-eabi/7.2.1/../../../../arm-none-eabi/lib/thumb/v7-m\libg_nano.a(lib_a-nano-mallocr.o)
 .ARM.attributes
                0x000004a3       0x2d c:/program files (x86)/gnu tools arm embedded/7 2017-q4-major/bin/../lib/gcc/arm-none-eabi/7.2.1/../../../../arm-none-eabi/lib/thumb/v7-m\libg_nano.a(lib_a-nano-reallocr.o)
 .ARM.attributes
                0x000004d0       0x2d c:/program files (x86)/gnu tools arm embedded/7 2017-q4-major/bin/../lib/gcc/arm-none-eabi/7.2.1/../../../../arm-none-eabi/lib/thumb/v7-m\libg_nano.a(lib_a-sbrkr.o)
 .ARM.attributes
                0x000004fd       0x2d c:/program files (x86)/gnu tools arm embedded/7 2017-q4-major/bin/../lib/gcc/arm-none-eabi/7.2.1/../../../../arm-none-eabi/lib/thumb/v7-m\libg_nano.a(lib_a-mlock.o)
 .ARM.attributes
                0x0000052a       0x2d c:/program files (x86)/gnu tools arm embedded/7 2017-q4-major/bin/../lib/gcc/arm-none-eabi/7.2.1/../../../../arm-none-eabi/lib/thumb/v7-m\libg_nano.a(lib_a-nano-msizer.o)

.debug
 *(.debug)

.line
 *(.line)

.debug_srcinfo
 *(.debug_srcinfo)

.debug_sfnames
 *(.debug_sfnames)

.debug_aranges  0x00000000      0x438
 *(.debug_aranges)
 .debug_aranges
                0x00000000       0xa8 ./system/src/stm32f1-stdperiph/stm32f10x_gpio.o
 .debug_aranges
                0x000000a8      0x118 ./system/src/stm32f1-stdperiph/stm32f10x_rcc.o
 .debug_aranges
                0x000001c0       0x28 ./system/src/newlib/_exit.o
 .debug_aranges
                0x000001e8       0x20 ./system/src/newlib/_sbrk.o
 .debug_aranges
                0x00000208       0x40 ./system/src/newlib/_startup.o
 .debug_aranges
                0x00000248       0x30 ./system/src/newlib/_syscalls.o
 .debug_aranges
                0x00000278       0x28 ./system/src/newlib/assert.o
 .debug_aranges
                0x000002a0       0x38 ./system/src/diag/Trace.o
 .debug_aranges
                0x000002d8       0x30 ./system/src/diag/trace_impl.o
 .debug_aranges
                0x00000308       0x28 ./system/src/cortexm/_initialize_hardware.o
 .debug_aranges
                0x00000330       0x90 ./system/src/cortexm/exception_handlers.o
 .debug_aranges
                0x000003c0       0x38 ./system/src/cmsis/system_stm32f10x.o
 .debug_aranges
                0x000003f8       0x20 ./system/src/cmsis/vectors_stm32f10x.o
 .debug_aranges
                0x00000418       0x20 ./src/main.o

.debug_pubnames
 *(.debug_pubnames)

.debug_info     0x00000000     0x76ce
 *(.debug_info .gnu.linkonce.wi.*)
 .debug_info    0x00000000      0xbd3 ./system/src/stm32f1-stdperiph/stm32f10x_gpio.o
 .debug_info    0x00000bd3      0xc77 ./system/src/stm32f1-stdperiph/stm32f10x_rcc.o
 .debug_info    0x0000184a      0x956 ./system/src/newlib/_exit.o
 .debug_info    0x000021a0      0x942 ./system/src/newlib/_sbrk.o
 .debug_info    0x00002ae2      0x42e ./system/src/newlib/_startup.o
 .debug_info    0x00002f10      0xa19 ./system/src/newlib/_syscalls.o
 .debug_info    0x00003929      0x9ff ./system/src/newlib/assert.o
 .debug_info    0x00004328      0xb2a ./system/src/diag/Trace.o
 .debug_info    0x00004e52      0x363 ./system/src/diag/trace_impl.o
 .debug_info    0x000051b5      0x2b5 ./system/src/cortexm/_initialize_hardware.o
 .debug_info    0x0000546a     0x1140 ./system/src/cortexm/exception_handlers.o
 .debug_info    0x000065aa      0x494 ./system/src/cmsis/system_stm32f10x.o
 .debug_info    0x00006a3e       0xca ./system/src/cmsis/vectors_stm32f10x.o
 .debug_info    0x00006b08      0xbc6 ./src/main.o

.debug_abbrev   0x00000000     0x1acd
 *(.debug_abbrev)
 .debug_abbrev  0x00000000      0x209 ./system/src/stm32f1-stdperiph/stm32f10x_gpio.o
 .debug_abbrev  0x00000209      0x20b ./system/src/stm32f1-stdperiph/stm32f10x_rcc.o
 .debug_abbrev  0x00000414      0x1f3 ./system/src/newlib/_exit.o
 .debug_abbrev  0x00000607      0x1fc ./system/src/newlib/_sbrk.o
 .debug_abbrev  0x00000803      0x1b3 ./system/src/newlib/_startup.o
 .debug_abbrev  0x000009b6      0x234 ./system/src/newlib/_syscalls.o
 .debug_abbrev  0x00000bea      0x1f3 ./system/src/newlib/assert.o
 .debug_abbrev  0x00000ddd      0x276 ./system/src/diag/Trace.o
 .debug_abbrev  0x00001053      0x1e2 ./system/src/diag/trace_impl.o
 .debug_abbrev  0x00001235       0xea ./system/src/cortexm/_initialize_hardware.o
 .debug_abbrev  0x0000131f      0x32b ./system/src/cortexm/exception_handlers.o
 .debug_abbrev  0x0000164a      0x177 ./system/src/cmsis/system_stm32f10x.o
 .debug_abbrev  0x000017c1       0x9d ./system/src/cmsis/vectors_stm32f10x.o
 .debug_abbrev  0x0000185e      0x26f ./src/main.o

.debug_line     0x00000000     0x43df
 *(.debug_line)
 .debug_line    0x00000000      0x903 ./system/src/stm32f1-stdperiph/stm32f10x_gpio.o
 .debug_line    0x00000903      0x87c ./system/src/stm32f1-stdperiph/stm32f10x_rcc.o
 .debug_line    0x0000117f      0x36f ./system/src/newlib/_exit.o
 .debug_line    0x000014ee      0x323 ./system/src/newlib/_sbrk.o
 .debug_line    0x00001811      0x3dd ./system/src/newlib/_startup.o
 .debug_line    0x00001bee      0x441 ./system/src/newlib/_syscalls.o
 .debug_line    0x0000202f      0x3aa ./system/src/newlib/assert.o
 .debug_line    0x000023d9      0x3eb ./system/src/diag/Trace.o
 .debug_line    0x000027c4      0x658 ./system/src/diag/trace_impl.o
 .debug_line    0x00002e1c      0x37c ./system/src/cortexm/_initialize_hardware.o
 .debug_line    0x00003198      0x71a ./system/src/cortexm/exception_handlers.o
 .debug_line    0x000038b2      0x3ef ./system/src/cmsis/system_stm32f10x.o
 .debug_line    0x00003ca1      0x108 ./system/src/cmsis/vectors_stm32f10x.o
 .debug_line    0x00003da9      0x636 ./src/main.o

.debug_frame    0x00000000      0xca8
 *(.debug_frame)
 .debug_frame   0x00000000      0x1e8 ./system/src/stm32f1-stdperiph/stm32f10x_gpio.o
 .debug_frame   0x000001e8      0x320 ./system/src/stm32f1-stdperiph/stm32f10x_rcc.o
 .debug_frame   0x00000508       0x38 ./system/src/newlib/_exit.o
 .debug_frame   0x00000540       0x28 ./system/src/newlib/_sbrk.o
 .debug_frame   0x00000568       0x7c ./system/src/newlib/_startup.o
 .debug_frame   0x000005e4       0x50 ./system/src/newlib/_syscalls.o
 .debug_frame   0x00000634       0x40 ./system/src/newlib/assert.o
 .debug_frame   0x00000674       0x94 ./system/src/diag/Trace.o
 .debug_frame   0x00000708       0x64 ./system/src/diag/trace_impl.o
 .debug_frame   0x0000076c       0x40 ./system/src/cortexm/_initialize_hardware.o
 .debug_frame   0x000007ac      0x158 ./system/src/cortexm/exception_handlers.o
 .debug_frame   0x00000904       0x6c ./system/src/cmsis/system_stm32f10x.o
 .debug_frame   0x00000970       0x20 ./system/src/cmsis/vectors_stm32f10x.o
 .debug_frame   0x00000990       0x28 ./src/main.o
 .debug_frame   0x000009b8       0x20 c:/program files (x86)/gnu tools arm embedded/7 2017-q4-major/bin/../lib/gcc/arm-none-eabi/7.2.1/../../../../arm-none-eabi/lib/thumb/v7-m\libg_nano.a(lib_a-errno.o)
 .debug_frame   0x000009d8       0x4c c:/program files (x86)/gnu tools arm embedded/7 2017-q4-major/bin/../lib/gcc/arm-none-eabi/7.2.1/../../../../arm-none-eabi/lib/thumb/v7-m\libg_nano.a(lib_a-vsnprintf.o)
 .debug_frame   0x00000a24       0x90 c:/program files (x86)/gnu tools arm embedded/7 2017-q4-major/bin/../lib/gcc/arm-none-eabi/7.2.1/../../../../arm-none-eabi/lib/thumb/v7-m\libg_nano.a(lib_a-nano-svfprintf.o)
 .debug_frame   0x00000ab4       0x60 c:/program files (x86)/gnu tools arm embedded/7 2017-q4-major/bin/../lib/gcc/arm-none-eabi/7.2.1/../../../../arm-none-eabi/lib/thumb/v7-m\libg_nano.a(lib_a-nano-vfprintf_i.o)
 .debug_frame   0x00000b14       0x28 c:/program files (x86)/gnu tools arm embedded/7 2017-q4-major/bin/../lib/gcc/arm-none-eabi/7.2.1/../../../../arm-none-eabi/lib/thumb/v7-m\libg_nano.a(lib_a-memchr-stub.o)
 .debug_frame   0x00000b3c       0x28 c:/program files (x86)/gnu tools arm embedded/7 2017-q4-major/bin/../lib/gcc/arm-none-eabi/7.2.1/../../../../arm-none-eabi/lib/thumb/v7-m\libg_nano.a(lib_a-memcpy-stub.o)
 .debug_frame   0x00000b64       0x28 c:/program files (x86)/gnu tools arm embedded/7 2017-q4-major/bin/../lib/gcc/arm-none-eabi/7.2.1/../../../../arm-none-eabi/lib/thumb/v7-m\libg_nano.a(lib_a-memmove.o)
 .debug_frame   0x00000b8c       0x38 c:/program files (x86)/gnu tools arm embedded/7 2017-q4-major/bin/../lib/gcc/arm-none-eabi/7.2.1/../../../../arm-none-eabi/lib/thumb/v7-m\libg_nano.a(lib_a-nano-freer.o)
 .debug_frame   0x00000bc4       0x2c c:/program files (x86)/gnu tools arm embedded/7 2017-q4-major/bin/../lib/gcc/arm-none-eabi/7.2.1/../../../../arm-none-eabi/lib/thumb/v7-m\libg_nano.a(lib_a-nano-mallocr.o)
 .debug_frame   0x00000bf0       0x3c c:/program files (x86)/gnu tools arm embedded/7 2017-q4-major/bin/../lib/gcc/arm-none-eabi/7.2.1/../../../../arm-none-eabi/lib/thumb/v7-m\libg_nano.a(lib_a-nano-reallocr.o)
 .debug_frame   0x00000c2c       0x2c c:/program files (x86)/gnu tools arm embedded/7 2017-q4-major/bin/../lib/gcc/arm-none-eabi/7.2.1/../../../../arm-none-eabi/lib/thumb/v7-m\libg_nano.a(lib_a-sbrkr.o)
 .debug_frame   0x00000c58       0x30 c:/program files (x86)/gnu tools arm embedded/7 2017-q4-major/bin/../lib/gcc/arm-none-eabi/7.2.1/../../../../arm-none-eabi/lib/thumb/v7-m\libg_nano.a(lib_a-mlock.o)
 .debug_frame   0x00000c88       0x20 c:/program files (x86)/gnu tools arm embedded/7 2017-q4-major/bin/../lib/gcc/arm-none-eabi/7.2.1/../../../../arm-none-eabi/lib/thumb/v7-m\libg_nano.a(lib_a-nano-msizer.o)

.debug_str      0x00000000    0x572f5
 *(.debug_str)
 .debug_str     0x00000000    0x4ebbe ./system/src/stm32f1-stdperiph/stm32f10x_gpio.o
                              0x4ed43 (size before relaxing)
 .debug_str     0x0004ebbe      0xb4a ./system/src/stm32f1-stdperiph/stm32f10x_rcc.o
                              0x4f312 (size before relaxing)
 .debug_str     0x0004f708     0x4ffb ./system/src/newlib/_exit.o
                               0x7ecf (size before relaxing)
 .debug_str     0x00054703      0x4f5 ./system/src/newlib/_sbrk.o
                               0x7281 (size before relaxing)
 .debug_str     0x00054bf8      0x260 ./system/src/newlib/_startup.o
                               0x69bc (size before relaxing)
 .debug_str     0x00054e58      0xe8b ./system/src/newlib/_syscalls.o
                               0x815c (size before relaxing)
 .debug_str     0x00055ce3       0xd0 ./system/src/newlib/assert.o
                               0x89d4 (size before relaxing)
 .debug_str     0x00055db3      0x819 ./system/src/diag/Trace.o
                               0x8647 (size before relaxing)
 .debug_str     0x000565cc      0x37b ./system/src/diag/trace_impl.o
                              0x52a3c (size before relaxing)
 .debug_str     0x00056947       0xb2 ./system/src/cortexm/_initialize_hardware.o
                              0x4e82d (size before relaxing)
 .debug_str     0x000569f9      0x19d ./system/src/cortexm/exception_handlers.o
                              0x53c61 (size before relaxing)
 .debug_str     0x00056b96       0x96 ./system/src/cmsis/system_stm32f10x.o
                              0x4e8c7 (size before relaxing)
 .debug_str     0x00056c2c       0x57 ./system/src/cmsis/vectors_stm32f10x.o
                               0x385d (size before relaxing)
 .debug_str     0x00056c83      0x672 ./src/main.o
                              0x546ca (size before relaxing)

.debug_loc      0x00000000     0x1c61
 *(.debug_loc)
 .debug_loc     0x00000000      0x870 ./system/src/stm32f1-stdperiph/stm32f10x_gpio.o
 .debug_loc     0x00000870      0xa63 ./system/src/stm32f1-stdperiph/stm32f10x_rcc.o
 .debug_loc     0x000012d3       0x85 ./system/src/newlib/_sbrk.o
 .debug_loc     0x00001358      0x1a9 ./system/src/newlib/_startup.o
 .debug_loc     0x00001501       0x63 ./system/src/newlib/_syscalls.o
 .debug_loc     0x00001564      0x134 ./system/src/newlib/assert.o
 .debug_loc     0x00001698       0xf6 ./system/src/diag/Trace.o
 .debug_loc     0x0000178e      0x121 ./system/src/diag/trace_impl.o
 .debug_loc     0x000018af      0x291 ./system/src/cortexm/exception_handlers.o
 .debug_loc     0x00001b40       0xdf ./system/src/cmsis/system_stm32f10x.o
 .debug_loc     0x00001c1f       0x42 ./src/main.o

.debug_macinfo
 *(.debug_macinfo)

.debug_weaknames
 *(.debug_weaknames)

.debug_funcnames
 *(.debug_funcnames)

.debug_typenames
 *(.debug_typenames)

.debug_varnames
 *(.debug_varnames)
OUTPUT(DroneCore.elf elf32-littlearm)

.debug_ranges   0x00000000      0x3d0
 .debug_ranges  0x00000000       0x98 ./system/src/stm32f1-stdperiph/stm32f10x_gpio.o
 .debug_ranges  0x00000098      0x108 ./system/src/stm32f1-stdperiph/stm32f10x_rcc.o
 .debug_ranges  0x000001a0       0x18 ./system/src/newlib/_exit.o
 .debug_ranges  0x000001b8       0x10 ./system/src/newlib/_sbrk.o
 .debug_ranges  0x000001c8       0x78 ./system/src/newlib/_startup.o
 .debug_ranges  0x00000240       0x20 ./system/src/newlib/_syscalls.o
 .debug_ranges  0x00000260       0x18 ./system/src/newlib/assert.o
 .debug_ranges  0x00000278       0x28 ./system/src/diag/Trace.o
 .debug_ranges  0x000002a0       0x50 ./system/src/diag/trace_impl.o
 .debug_ranges  0x000002f0       0x18 ./system/src/cortexm/_initialize_hardware.o
 .debug_ranges  0x00000308       0x80 ./system/src/cortexm/exception_handlers.o
 .debug_ranges  0x00000388       0x28 ./system/src/cmsis/system_stm32f10x.o
 .debug_ranges  0x000003b0       0x10 ./system/src/cmsis/vectors_stm32f10x.o
 .debug_ranges  0x000003c0       0x10 ./src/main.o

.debug_macro    0x00000000     0x37a0
 .debug_macro   0x00000000      0x1b9 ./system/src/stm32f1-stdperiph/stm32f10x_gpio.o
 .debug_macro   0x000001b9       0x8b ./system/src/stm32f1-stdperiph/stm32f10x_gpio.o
 .debug_macro   0x00000244      0x2a6 ./system/src/stm32f1-stdperiph/stm32f10x_gpio.o
 .debug_macro   0x000004ea      0x287 ./system/src/stm32f1-stdperiph/stm32f10x_rcc.o
 .debug_macro   0x00000771      0x3dc ./system/src/stm32f1-stdperiph/stm32f10x_rcc.o
 .debug_macro   0x00000b4d      0x1b4 ./system/src/newlib/_exit.o
 .debug_macro   0x00000d01       0x9c ./system/src/newlib/_exit.o
 .debug_macro   0x00000d9d      0x10e ./system/src/newlib/_exit.o
 .debug_macro   0x00000eab       0x8d ./system/src/newlib/_exit.o
 .debug_macro   0x00000f38       0x43 ./system/src/newlib/_exit.o
 .debug_macro   0x00000f7b      0x330 ./system/src/newlib/_exit.o
 .debug_macro   0x000012ab       0x35 ./system/src/newlib/_exit.o
 .debug_macro   0x000012e0      0x169 ./system/src/newlib/_sbrk.o
 .debug_macro   0x00001449      0x174 ./system/src/newlib/_sbrk.o
 .debug_macro   0x000015bd       0x10 ./system/src/newlib/_sbrk.o
 .debug_macro   0x000015cd      0x23b ./system/src/newlib/_sbrk.o
 .debug_macro   0x00001808      0x173 ./system/src/newlib/_startup.o
 .debug_macro   0x0000197b      0x217 ./system/src/newlib/_syscalls.o
 .debug_macro   0x00001b92       0x1c ./system/src/newlib/_syscalls.o
 .debug_macro   0x00001bae       0x10 ./system/src/newlib/_syscalls.o
 .debug_macro   0x00001bbe       0x10 ./system/src/newlib/_syscalls.o
 .debug_macro   0x00001bce       0x10 ./system/src/newlib/_syscalls.o
 .debug_macro   0x00001bde       0x35 ./system/src/newlib/_syscalls.o
 .debug_macro   0x00001c13      0x122 ./system/src/newlib/_syscalls.o
 .debug_macro   0x00001d35       0x88 ./system/src/newlib/_syscalls.o
 .debug_macro   0x00001dbd       0x2b ./system/src/newlib/_syscalls.o
 .debug_macro   0x00001de8      0x118 ./system/src/newlib/_syscalls.o
 .debug_macro   0x00001f00      0x189 ./system/src/newlib/_syscalls.o
 .debug_macro   0x00002089       0x16 ./system/src/newlib/_syscalls.o
 .debug_macro   0x0000209f      0x1d0 ./system/src/newlib/assert.o
 .debug_macro   0x0000226f       0x1c ./system/src/newlib/assert.o
 .debug_macro   0x0000228b      0x1fb ./system/src/diag/Trace.o
 .debug_macro   0x00002486       0x16 ./system/src/diag/Trace.o
 .debug_macro   0x0000249c       0x97 ./system/src/diag/Trace.o
 .debug_macro   0x00002533       0xfd ./system/src/diag/Trace.o
 .debug_macro   0x00002630       0x10 ./system/src/diag/Trace.o
 .debug_macro   0x00002640       0x16 ./system/src/diag/Trace.o
 .debug_macro   0x00002656      0x16f ./system/src/diag/Trace.o
 .debug_macro   0x000027c5       0x4c ./system/src/diag/Trace.o
 .debug_macro   0x00002811       0x16 ./system/src/diag/Trace.o
 .debug_macro   0x00002827      0x2da ./system/src/diag/trace_impl.o
 .debug_macro   0x00002b01       0x10 ./system/src/diag/trace_impl.o
 .debug_macro   0x00002b11       0xcf ./system/src/diag/trace_impl.o
 .debug_macro   0x00002be0       0xbe ./system/src/diag/trace_impl.o
 .debug_macro   0x00002c9e       0x22 ./system/src/diag/trace_impl.o
 .debug_macro   0x00002cc0      0x16b ./system/src/cortexm/_initialize_hardware.o
 .debug_macro   0x00002e2b      0x324 ./system/src/cortexm/exception_handlers.o
 .debug_macro   0x0000314f       0x3b ./system/src/cortexm/exception_handlers.o
 .debug_macro   0x0000318a       0x10 ./system/src/cortexm/exception_handlers.o
 .debug_macro   0x0000319a      0x16e ./system/src/cmsis/system_stm32f10x.o
 .debug_macro   0x00003308       0x34 ./system/src/cmsis/vectors_stm32f10x.o
 .debug_macro   0x0000333c      0x35e ./src/main.o
 .debug_macro   0x0000369a      0x106 ./src/main.o
