Archive member included to satisfy reference by file (symbol)

c:/program files (x86)/gnu tools arm embedded/7 2017-q4-major/bin/../lib/gcc/arm-none-eabi/7.2.1/thumb/v7-m\libgcc.a(_arm_addsubdf3.o)
                              ./src/main.o (__aeabi_dadd)
c:/program files (x86)/gnu tools arm embedded/7 2017-q4-major/bin/../lib/gcc/arm-none-eabi/7.2.1/thumb/v7-m\libgcc.a(_arm_fixdfsi.o)
                              ./src/main.o (__aeabi_d2iz)
c:/program files (x86)/gnu tools arm embedded/7 2017-q4-major/bin/../lib/gcc/arm-none-eabi/7.2.1/../../../../arm-none-eabi/lib/thumb/v7-m\libg_nano.a(lib_a-errno.o)
                              ./system/src/newlib/_sbrk.o (__errno)
c:/program files (x86)/gnu tools arm embedded/7 2017-q4-major/bin/../lib/gcc/arm-none-eabi/7.2.1/../../../../arm-none-eabi/lib/thumb/v7-m\libg_nano.a(lib_a-impure.o)
                              c:/program files (x86)/gnu tools arm embedded/7 2017-q4-major/bin/../lib/gcc/arm-none-eabi/7.2.1/../../../../arm-none-eabi/lib/thumb/v7-m\libg_nano.a(lib_a-errno.o) (_impure_ptr)
c:/program files (x86)/gnu tools arm embedded/7 2017-q4-major/bin/../lib/gcc/arm-none-eabi/7.2.1/../../../../arm-none-eabi/lib/thumb/v7-m\libg_nano.a(lib_a-snprintf.o)
                              ./src/main.o (snprintf)
c:/program files (x86)/gnu tools arm embedded/7 2017-q4-major/bin/../lib/gcc/arm-none-eabi/7.2.1/../../../../arm-none-eabi/lib/thumb/v7-m\libg_nano.a(lib_a-sprintf.o)
                              ./src/main.o (sprintf)
c:/program files (x86)/gnu tools arm embedded/7 2017-q4-major/bin/../lib/gcc/arm-none-eabi/7.2.1/../../../../arm-none-eabi/lib/thumb/v7-m\libg_nano.a(lib_a-strlen.o)
                              ./system/src/diag/Trace.o (strlen)
c:/program files (x86)/gnu tools arm embedded/7 2017-q4-major/bin/../lib/gcc/arm-none-eabi/7.2.1/../../../../arm-none-eabi/lib/thumb/v7-m\libg_nano.a(lib_a-vsnprintf.o)
                              ./system/src/diag/Trace.o (vsnprintf)
c:/program files (x86)/gnu tools arm embedded/7 2017-q4-major/bin/../lib/gcc/arm-none-eabi/7.2.1/../../../../arm-none-eabi/lib/thumb/v7-m\libg_nano.a(lib_a-nano-svfprintf.o)
                              c:/program files (x86)/gnu tools arm embedded/7 2017-q4-major/bin/../lib/gcc/arm-none-eabi/7.2.1/../../../../arm-none-eabi/lib/thumb/v7-m\libg_nano.a(lib_a-snprintf.o) (_svfprintf_r)
c:/program files (x86)/gnu tools arm embedded/7 2017-q4-major/bin/../lib/gcc/arm-none-eabi/7.2.1/../../../../arm-none-eabi/lib/thumb/v7-m\libg_nano.a(lib_a-nano-vfprintf_i.o)
                              c:/program files (x86)/gnu tools arm embedded/7 2017-q4-major/bin/../lib/gcc/arm-none-eabi/7.2.1/../../../../arm-none-eabi/lib/thumb/v7-m\libg_nano.a(lib_a-nano-svfprintf.o) (_printf_i)
c:/program files (x86)/gnu tools arm embedded/7 2017-q4-major/bin/../lib/gcc/arm-none-eabi/7.2.1/../../../../arm-none-eabi/lib/thumb/v7-m\libg_nano.a(lib_a-memchr-stub.o)
                              c:/program files (x86)/gnu tools arm embedded/7 2017-q4-major/bin/../lib/gcc/arm-none-eabi/7.2.1/../../../../arm-none-eabi/lib/thumb/v7-m\libg_nano.a(lib_a-nano-svfprintf.o) (memchr)
c:/program files (x86)/gnu tools arm embedded/7 2017-q4-major/bin/../lib/gcc/arm-none-eabi/7.2.1/../../../../arm-none-eabi/lib/thumb/v7-m\libg_nano.a(lib_a-memcpy-stub.o)
                              c:/program files (x86)/gnu tools arm embedded/7 2017-q4-major/bin/../lib/gcc/arm-none-eabi/7.2.1/../../../../arm-none-eabi/lib/thumb/v7-m\libg_nano.a(lib_a-nano-svfprintf.o) (memcpy)
c:/program files (x86)/gnu tools arm embedded/7 2017-q4-major/bin/../lib/gcc/arm-none-eabi/7.2.1/../../../../arm-none-eabi/lib/thumb/v7-m\libg_nano.a(lib_a-memmove.o)
                              c:/program files (x86)/gnu tools arm embedded/7 2017-q4-major/bin/../lib/gcc/arm-none-eabi/7.2.1/../../../../arm-none-eabi/lib/thumb/v7-m\libg_nano.a(lib_a-nano-svfprintf.o) (memmove)
c:/program files (x86)/gnu tools arm embedded/7 2017-q4-major/bin/../lib/gcc/arm-none-eabi/7.2.1/../../../../arm-none-eabi/lib/thumb/v7-m\libg_nano.a(lib_a-nano-freer.o)
                              c:/program files (x86)/gnu tools arm embedded/7 2017-q4-major/bin/../lib/gcc/arm-none-eabi/7.2.1/../../../../arm-none-eabi/lib/thumb/v7-m\libg_nano.a(lib_a-nano-svfprintf.o) (_free_r)
c:/program files (x86)/gnu tools arm embedded/7 2017-q4-major/bin/../lib/gcc/arm-none-eabi/7.2.1/../../../../arm-none-eabi/lib/thumb/v7-m\libg_nano.a(lib_a-nano-mallocr.o)
                              c:/program files (x86)/gnu tools arm embedded/7 2017-q4-major/bin/../lib/gcc/arm-none-eabi/7.2.1/../../../../arm-none-eabi/lib/thumb/v7-m\libg_nano.a(lib_a-nano-svfprintf.o) (_malloc_r)
c:/program files (x86)/gnu tools arm embedded/7 2017-q4-major/bin/../lib/gcc/arm-none-eabi/7.2.1/../../../../arm-none-eabi/lib/thumb/v7-m\libg_nano.a(lib_a-nano-reallocr.o)
[...]
Memory Configuration

Name             Origin             Length             Attributes
RAM              0x20000000         0x00005000         xrw
CCMRAM           0x00000000         0x00000000         xrw
FLASH            0x08000000         0x00010000         xr
FLASHB1          0x00000000         0x00000000         xr
EXTMEMB0         0x00000000         0x00000000         xr
EXTMEMB1         0x00000000         0x00000000         xr
EXTMEMB2         0x00000000         0x00000000         xr
EXTMEMB3         0x00000000         0x00000000         xr
MEMORY_ARRAY     0x00000000         0x00000000         xrw
*default*        0x00000000         0xffffffff

Linker script and memory map

LOAD ./system/src/stm32f1-stdperiph/misc.o
LOAD ./system/src/stm32f1-stdperiph/stm32f10x_gpio.o
LOAD ./system/src/stm32f1-stdperiph/stm32f10x_i2c.o
LOAD ./system/src/stm32f1-stdperiph/stm32f10x_rcc.o
LOAD ./system/src/newlib/_cxx.o
LOAD ./system/src/newlib/_exit.o
LOAD ./system/src/newlib/_sbrk.o
LOAD ./system/src/newlib/_startup.o
LOAD ./system/src/newlib/_syscalls.o
LOAD ./system/src/newlib/assert.o
LOAD ./system/src/diag/Trace.o
LOAD ./system/src/diag/trace_impl.o
LOAD ./system/src/cortexm/_initialize_hardware.o
LOAD ./system/src/cortexm/_reset_hardware.o
LOAD ./system/src/cortexm/exception_handlers.o
LOAD ./system/src/cmsis/system_stm32f10x.o
LOAD ./system/src/cmsis/vectors_stm32f10x.o
LOAD ./src/sensordriver/mpu6050_i2c_driver.o
LOAD ./src/peryphdriver/i2c_driver.o
LOAD ./src/_write.o
LOAD ./src/main.o
LOAD c:/program files (x86)/gnu tools arm embedded/7 2017-q4-major/bin/../lib/gcc/arm-none-eabi/7.2.1/../../../../arm-none-eabi/lib/thumb/v7-m\libstdc++_nano.a
LOAD c:/program files (x86)/gnu tools arm embedded/7 2017-q4-major/bin/../lib/gcc/arm-none-eabi/7.2.1/../../../../arm-none-eabi/lib/thumb/v7-m\libm.a
START GROUP
LOAD c:/program files (x86)/gnu tools arm embedded/7 2017-q4-major/bin/../lib/gcc/arm-none-eabi/7.2.1/thumb/v7-m\libgcc.a
LOAD c:/program files (x86)/gnu tools arm embedded/7 2017-q4-major/bin/../lib/gcc/arm-none-eabi/7.2.1/../../../../arm-none-eabi/lib/thumb/v7-m\libg_nano.a
LOAD c:/program files (x86)/gnu tools arm embedded/7 2017-q4-major/bin/../lib/gcc/arm-none-eabi/7.2.1/../../../../arm-none-eabi/lib/thumb/v7-m\libc_nano.a
END GROUP
START GROUP
LOAD c:/program files (x86)/gnu tools arm embedded/7 2017-q4-major/bin/../lib/gcc/arm-none-eabi/7.2.1/thumb/v7-m\libgcc.a
LOAD c:/program files (x86)/gnu tools arm embedded/7 2017-q4-major/bin/../lib/gcc/arm-none-eabi/7.2.1/../../../../arm-none-eabi/lib/thumb/v7-m\libc_nano.a
END GROUP
                0x20005000                __stack = (ORIGIN (RAM) + LENGTH (RAM))
                0x20005000                _estack = __stack
                0x00000400                __Main_Stack_Size = 0x400
                [!provide]                PROVIDE (_Main_Stack_Size, __Main_Stack_Size)
                0x20004c00                __Main_Stack_Limit = (__stack - __Main_Stack_Size)
                [!provide]                PROVIDE (_Main_Stack_Limit, __Main_Stack_Limit)
                0x00000100                _Minimum_Stack_Size = 0x100
                0x2000013c                PROVIDE (_Heap_Begin, _end_noinit)
                0x20004c00                PROVIDE (_Heap_Limit, (__stack - __Main_Stack_Size))

.isr_vector     0x08000000      0x350
 FILL mask 0xff
                0x08000000                __vectors_start = ABSOLUTE (.)
                0x08000000                __vectors_start__ = ABSOLUTE (.)
 *(.isr_vector)
 .isr_vector    0x08000000      0x10c ./system/src/cmsis/vectors_stm32f10x.o
                0x08000000                __isr_vectors
 *(.cfmconfig)
 *(.after_vectors .after_vectors.*)
 .after_vectors
                0x0800010c      0x114 ./system/src/newlib/_startup.o
                0x0800010c                _start
 .after_vectors
                0x08000220      0x12c ./system/src/cortexm/exception_handlers.o
                0x08000220                Reset_Handler
                0x08000226                NMI_Handler
                0x0800022a                HardFault_Handler
                0x0800023e                HardFault_Handler_C
                0x0800029c                MemManage_Handler
                0x080002a0                BusFault_Handler
                0x080002b4                BusFault_Handler_C
                0x080002e8                UsageFault_Handler
                0x080002fc                UsageFault_Handler_C
                0x08000330                SVC_Handler
                0x08000334                DebugMon_Handler
                0x08000338                PendSV_Handler
                0x0800033c                SysTick_Handler
 .after_vectors
                0x0800034c        0x4 ./system/src/cmsis/vectors_stm32f10x.o
                0x0800034c                EXTI2_IRQHandler
                0x0800034c                TIM8_TRG_COM_IRQHandler
                0x0800034c                TIM8_CC_IRQHandler
                0x0800034c                TIM1_CC_IRQHandler
                0x0800034c                TIM6_IRQHandler
                0x0800034c                PVD_IRQHandler
                0x0800034c                SDIO_IRQHandler
                0x0800034c                CAN2_RX1_IRQHandler
                0x0800034c                EXTI3_IRQHandler
                0x0800034c                TIM8_TRG_COM_TIM14_IRQHandler
                0x0800034c                TIM1_UP_TIM10_IRQHandler
                0x0800034c                TIM8_UP_TIM13_IRQHandler
                0x0800034c                EXTI0_IRQHandler
                0x0800034c                I2C2_EV_IRQHandler
                0x0800034c                CAN1_RX0_IRQHandler
                0x0800034c                TIM1_UP_TIM16_IRQHandler
                0x0800034c                CAN2_SCE_IRQHandler
                0x0800034c                ADC1_2_IRQHandler
                0x0800034c                SPI1_IRQHandler
                0x0800034c                TAMPER_IRQHandler
                0x0800034c                TIM6_DAC_IRQHandler
                0x0800034c                TIM1_BRK_TIM9_IRQHandler
                0x0800034c                CAN2_RX0_IRQHandler
                0x0800034c                TIM8_UP_IRQHandler
                0x0800034c                DMA2_Channel2_IRQHandler
                0x0800034c                DMA1_Channel4_IRQHandler
                0x0800034c                USART3_IRQHandler
                0x0800034c                RTC_IRQHandler
                0x0800034c                DMA1_Channel7_IRQHandler
                0x0800034c                CAN1_RX1_IRQHandler
                0x0800034c                UART5_IRQHandler
                0x0800034c                ADC3_IRQHandler
                0x0800034c                TIM4_IRQHandler
                0x0800034c                DMA2_Channel1_IRQHandler
                0x0800034c                I2C1_EV_IRQHandler
                0x0800034c                DMA1_Channel6_IRQHandler
                0x0800034c                UART4_IRQHandler
                0x0800034c                DMA2_Channel4_IRQHandler
                0x0800034c                TIM3_IRQHandler
                0x0800034c                RCC_IRQHandler
                0x0800034c                TIM8_BRK_TIM12_IRQHandler
                0x0800034c                TIM1_TRG_COM_IRQHandler
                0x0800034c                DMA1_Channel1_IRQHandler
                0x0800034c                Default_Handler
                0x0800034c                CEC_IRQHandler
                0x0800034c                EXTI15_10_IRQHandler
                0x0800034c                TIM14_IRQHandler
                0x0800034c                TIM13_IRQHandler
                0x0800034c                TIM12_IRQHandler
                0x0800034c                TIM7_IRQHandler
                0x0800034c                CAN2_TX_IRQHandler
                0x0800034c                TIM5_IRQHandler
                0x0800034c                EXTI9_5_IRQHandler
                0x0800034c                ETH_WKUP_IRQHandler
                0x0800034c                SPI2_IRQHandler
                0x0800034c                CAN1_TX_IRQHandler
                0x0800034c                DMA2_Channel5_IRQHandler
                0x0800034c                DMA1_Channel5_IRQHandler
                0x0800034c                EXTI4_IRQHandler
                0x0800034c                USB_LP_CAN1_RX0_IRQHandler
                0x0800034c                TIM1_TRG_COM_TIM17_IRQHandler
                0x0800034c                USB_HP_CAN1_TX_IRQHandler
                0x0800034c                DMA1_Channel3_IRQHandler
                0x0800034c                FSMC_IRQHandler
                0x0800034c                ETH_IRQHandler
                0x0800034c                TIM1_UP_IRQHandler
                0x0800034c                WWDG_IRQHandler
                0x0800034c                TIM2_IRQHandler
                0x0800034c                OTG_FS_WKUP_IRQHandler
                0x0800034c                TIM1_TRG_COM_TIM11_IRQHandler
                0x0800034c                TIM1_BRK_IRQHandler
                0x0800034c                EXTI1_IRQHandler
                0x0800034c                RTCAlarm_IRQHandler
                0x0800034c                DMA2_Channel4_5_IRQHandler
                0x0800034c                USART2_IRQHandler
                0x0800034c                I2C2_ER_IRQHandler
                0x0800034c                DMA1_Channel2_IRQHandler
                0x0800034c                TIM8_BRK_IRQHandler
                0x0800034c                CAN1_SCE_IRQHandler
                0x0800034c                FLASH_IRQHandler
                0x0800034c                USART1_IRQHandler
                0x0800034c                OTG_FS_IRQHandler
                0x0800034c                SPI3_IRQHandler
                0x0800034c                I2C1_ER_IRQHandler
                0x0800034c                USBWakeUp_IRQHandler
                0x0800034c                DMA2_Channel3_IRQHandler
                0x0800034c                TIM1_BRK_TIM15_IRQHandler

.inits          0x08000350       0x28
                0x08000350                __data_regions_array_start = .
                0x08000350        0x4 LONG 0x800255c LOADADDR (.data)
                0x08000354        0x4 LONG 0x20000000 ADDR (.data)
                0x08000358        0x4 LONG 0x2000009c (ADDR (.data) + SIZEOF (.data))
                0x0800035c        0x4 LONG 0x800255c LOADADDR (.data_CCMRAM)
                0x08000360        0x4 LONG 0x0 ADDR (.data_CCMRAM)
                0x08000364        0x4 LONG 0x0 (ADDR (.data_CCMRAM) + SIZEOF (.data_CCMRAM))
                0x08000368                __data_regions_array_end = .
                0x08000368                __bss_regions_array_start = .
                0x08000368        0x4 LONG 0x2000009c ADDR (.bss)
                0x0800036c        0x4 LONG 0x2000013c (ADDR (.bss) + SIZEOF (.bss))
                0x08000370        0x4 LONG 0x0 ADDR (.bss_CCMRAM)
                0x08000374        0x4 LONG 0x0 (ADDR (.bss_CCMRAM) + SIZEOF (.bss_CCMRAM))
                0x08000378                __bss_regions_array_end = .
 *(.init)
 *(.fini)
                0x08000378                . = ALIGN (0x4)
                0x08000378                PROVIDE (__preinit_array_start, .)
 *(.preinit_array_sysinit .preinit_array_sysinit.*)
 *(.preinit_array_platform .preinit_array_platform.*)
 *(.preinit_array .preinit_array.*)
                0x08000378                PROVIDE (__preinit_array_end, .)
                0x08000378                . = ALIGN (0x4)
                0x08000378                PROVIDE (__init_array_start, .)
 *(SORT_BY_NAME(.init_array.*))
 *(.init_array)
                0x08000378                PROVIDE (__init_array_end, .)
                0x08000378                . = ALIGN (0x4)
                0x08000378                PROVIDE (__fini_array_start, .)
 *(SORT_BY_NAME(.fini_array.*))
 *(.fini_array)
                0x08000378                PROVIDE (__fini_array_end, .)

.flashtext
 *(.flashtext .flashtext.*)

.text           0x08000378     0x21e3
 *(.text .text.*)
 .text.GPIO_Init
                0x08000378      0x134 ./system/src/stm32f1-stdperiph/stm32f10x_gpio.o
                0x08000378                GPIO_Init
 .text.GPIO_ResetBits
                0x080004ac       0x60 ./system/src/stm32f1-stdperiph/stm32f10x_gpio.o
                0x080004ac                GPIO_ResetBits
 .text.I2C_Init
                0x0800050c      0x178 ./system/src/stm32f1-stdperiph/stm32f10x_i2c.o
                0x0800050c                I2C_Init
 .text.I2C_StructInit
                0x08000684       0x1c ./system/src/stm32f1-stdperiph/stm32f10x_i2c.o
                0x08000684                I2C_StructInit
 .text.I2C_Cmd  0x080006a0       0x50 ./system/src/stm32f1-stdperiph/stm32f10x_i2c.o
                0x080006a0                I2C_Cmd
 .text.I2C_GenerateSTART
                0x080006f0       0x50 ./system/src/stm32f1-stdperiph/stm32f10x_i2c.o
                0x080006f0                I2C_GenerateSTART
 .text.I2C_GenerateSTOP
                0x08000740       0x50 ./system/src/stm32f1-stdperiph/stm32f10x_i2c.o
                0x08000740                I2C_GenerateSTOP
 .text.I2C_AcknowledgeConfig
                0x08000790       0x50 ./system/src/stm32f1-stdperiph/stm32f10x_i2c.o
                0x08000790                I2C_AcknowledgeConfig
 .text.I2C_SendData
                0x080007e0       0x2c ./system/src/stm32f1-stdperiph/stm32f10x_i2c.o
                0x080007e0                I2C_SendData
 .text.I2C_ReceiveData
                0x0800080c       0x2c ./system/src/stm32f1-stdperiph/stm32f10x_i2c.o
                0x0800080c                I2C_ReceiveData
 .text.I2C_Send7bitAddress
                0x08000838       0x4c ./system/src/stm32f1-stdperiph/stm32f10x_i2c.o
                0x08000838                I2C_Send7bitAddress
 .text.I2C_CheckEvent
                0x08000884       0xec ./system/src/stm32f1-stdperiph/stm32f10x_i2c.o
                0x08000884                I2C_CheckEvent
 .text.I2C_GetFlagStatus
                0x08000970       0xf4 ./system/src/stm32f1-stdperiph/stm32f10x_i2c.o
                0x08000970                I2C_GetFlagStatus
 .text.RCC_GetClocksFreq
                0x08000a64       0xc4 ./system/src/stm32f1-stdperiph/stm32f10x_rcc.o
                0x08000a64                RCC_GetClocksFreq
 .text.RCC_APB2PeriphClockCmd
                0x08000b28       0x4c ./system/src/stm32f1-stdperiph/stm32f10x_rcc.o
                0x08000b28                RCC_APB2PeriphClockCmd
 .text.RCC_APB1PeriphClockCmd
                0x08000b74       0x4c ./system/src/stm32f1-stdperiph/stm32f10x_rcc.o
                0x08000b74                RCC_APB1PeriphClockCmd
 .text._exit    0x08000bc0        0x2 ./system/src/newlib/_exit.o
                0x08000bc0                _exit
 *fill*         0x08000bc2        0x2 
 .text.abort    0x08000bc4       0x14 ./system/src/newlib/_exit.o
                0x08000bc4                abort
 .text._sbrk    0x08000bd8       0x44 ./system/src/newlib/_sbrk.o
                0x08000bd8                _sbrk
 .text.__initialize_args
                0x08000c1c       0x10 ./system/src/newlib/_syscalls.o
                0x08000c1c                __initialize_args
 .text.assert_failed
                0x08000c2c       0x14 ./system/src/newlib/assert.o
                0x08000c2c                assert_failed
 .text.trace_printf
                0x08000c40       0x30 ./system/src/diag/Trace.o
                0x08000c40                trace_printf
 .text.trace_puts
                0x08000c70       0x20 ./system/src/diag/Trace.o
                0x08000c70                trace_puts
 .text._trace_write_semihosting_debug
                0x08000c90       0x60 ./system/src/diag/trace_impl.o
 .text.trace_write
                0x08000cf0        0x8 ./system/src/diag/trace_impl.o
                0x08000cf0                trace_write
 .text.__initialize_hardware_early
                0x08000cf8       0x18 ./system/src/cortexm/_initialize_hardware.o
                0x08000cf8                __initialize_hardware_early
 .text.__initialize_hardware
                0x08000d10        0x8 ./system/src/cortexm/_initialize_hardware.o
                0x08000d10                __initialize_hardware
 .text.dumpExceptionStack
                0x08000d18       0xf4 ./system/src/cortexm/exception_handlers.o
                0x08000d18                dumpExceptionStack
 .text.isSemihosting
                0x08000e0c       0x20 ./system/src/cortexm/exception_handlers.o
                0x08000e0c                isSemihosting
 .text.SetSysClockTo72
                0x08000e2c       0xc4 ./system/src/cmsis/system_stm32f10x.o
 .text.SetSysClock
                0x08000ef0        0x8 ./system/src/cmsis/system_stm32f10x.o
 .text.SystemInit
                0x08000ef8       0x50 ./system/src/cmsis/system_stm32f10x.o
                0x08000ef8                SystemInit
 .text.SystemCoreClockUpdate
                0x08000f48       0x9c ./system/src/cmsis/system_stm32f10x.o
                0x08000f48                SystemCoreClockUpdate
 .text.MPU6050_init
                0x08000fe4       0x54 ./src/sensordriver/mpu6050_i2c_driver.o
                0x08000fe4                MPU6050_init
 .text.MPU6050_read_accel_X
                0x08001038       0x3c ./src/sensordriver/mpu6050_i2c_driver.o
                0x08001038                MPU6050_read_accel_X
 .text.MPU6050_read_accel_Y
                0x08001074       0x3c ./src/sensordriver/mpu6050_i2c_driver.o
                0x08001074                MPU6050_read_accel_Y
 .text.MPU6050_read_accel_Z
                0x080010b0       0x3c ./src/sensordriver/mpu6050_i2c_driver.o
                0x080010b0                MPU6050_read_accel_Z
 .text.MPU6050_read_gyro_X
                0x080010ec       0x3c ./src/sensordriver/mpu6050_i2c_driver.o
                0x080010ec                MPU6050_read_gyro_X
 .text.MPU6050_read_gyro_Y
                0x08001128       0x3c ./src/sensordriver/mpu6050_i2c_driver.o
                0x08001128                MPU6050_read_gyro_Y
 .text.MPU6050_read_gyro_Z
                0x08001164       0x3c ./src/sensordriver/mpu6050_i2c_driver.o
                0x08001164                MPU6050_read_gyro_Z
 .text.MPU6050_read_temp
                0x080011a0       0x3c ./src/sensordriver/mpu6050_i2c_driver.o
                0x080011a0                MPU6050_read_temp
 .text.MPU6050_check_connection
                0x080011dc       0x34 ./src/sensordriver/mpu6050_i2c_driver.o
                0x080011dc                MPU6050_check_connection
 .text.I2C_Initialize
                0x08001210       0x5c ./src/peryphdriver/i2c_driver.o
                0x08001210                I2C_Initialize
 .text.I2C_ByteWrite
                0x0800126c       0x70 ./src/peryphdriver/i2c_driver.o
                0x0800126c                I2C_ByteWrite
 .text.I2C_BufferRead
                0x080012dc       0xd8 ./src/peryphdriver/i2c_driver.o
                0x080012dc                I2C_BufferRead
 .text.I2C_SetBits
                0x080013b4       0x30 ./src/peryphdriver/i2c_driver.o
                0x080013b4                I2C_SetBits
 .text.I2C_ResetBits
                0x080013e4       0x32 ./src/peryphdriver/i2c_driver.o
                0x080013e4                I2C_ResetBits
 *fill*         0x08001416        0x2 
 .text.main     0x08001418      0x184 ./src/main.o
                0x08001418                main
 .text          0x0800159c      0x378 c:/program files (x86)/gnu tools arm embedded/7 2017-q4-major/bin/../lib/gcc/arm-none-eabi/7.2.1/thumb/v7-m\libgcc.a(_arm_addsubdf3.o)
                0x0800159c                __aeabi_drsub
                0x080015a4                __aeabi_dsub
                0x080015a4                __subdf3
                0x080015a8                __aeabi_dadd
                0x080015a8                __adddf3
                0x08001820                __floatunsidf
                0x08001820                __aeabi_ui2d
                0x08001840                __floatsidf
                0x08001840                __aeabi_i2d
                0x08001864                __aeabi_f2d
                0x08001864                __extendsfdf2
                0x080018a8                __floatundidf
                0x080018a8                __aeabi_ul2d
                0x080018b8                __floatdidf
                0x080018b8                __aeabi_l2d
 .text          0x08001914       0x50 c:/program files (x86)/gnu tools arm embedded/7 2017-q4-major/bin/../lib/gcc/arm-none-eabi/7.2.1/thumb/v7-m\libgcc.a(_arm_fixdfsi.o)
                0x08001914                __aeabi_d2iz
                0x08001914                __fixdfsi
 .text.__errno  0x08001964        0xc c:/program files (x86)/gnu tools arm embedded/7 2017-q4-major/bin/../lib/gcc/arm-none-eabi/7.2.1/../../../../arm-none-eabi/lib/thumb/v7-m\libg_nano.a(lib_a-errno.o)
                0x08001964                __errno
 .text.snprintf
                0x08001970       0x68 c:/program files (x86)/gnu tools arm embedded/7 2017-q4-major/bin/../lib/gcc/arm-none-eabi/7.2.1/../../../../arm-none-eabi/lib/thumb/v7-m\libg_nano.a(lib_a-snprintf.o)
                0x08001970                sniprintf
                0x08001970                snprintf
 .text.sprintf  0x080019d8       0x40 c:/program files (x86)/gnu tools arm embedded/7 2017-q4-major/bin/../lib/gcc/arm-none-eabi/7.2.1/../../../../arm-none-eabi/lib/thumb/v7-m\libg_nano.a(lib_a-sprintf.o)
                0x080019d8                siprintf
                0x080019d8                sprintf
 .text          0x08001a18       0x10 c:/program files (x86)/gnu tools arm embedded/7 2017-q4-major/bin/../lib/gcc/arm-none-eabi/7.2.1/../../../../arm-none-eabi/lib/thumb/v7-m\libg_nano.a(lib_a-strlen.o)
                0x08001a18                strlen
 .text._vsnprintf_r
                0x08001a28       0x58 c:/program files (x86)/gnu tools arm embedded/7 2017-q4-major/bin/../lib/gcc/arm-none-eabi/7.2.1/../../../../arm-none-eabi/lib/thumb/v7-m\libg_nano.a(lib_a-vsnprintf.o)
                0x08001a28                _vsniprintf_r
                0x08001a28                _vsnprintf_r
 .text.vsnprintf
                0x08001a80       0x1c c:/program files (x86)/gnu tools arm embedded/7 2017-q4-major/bin/../lib/gcc/arm-none-eabi/7.2.1/../../../../arm-none-eabi/lib/thumb/v7-m\libg_nano.a(lib_a-vsnprintf.o)
                0x08001a80                vsniprintf
                0x08001a80                vsnprintf
 .text.__ssputs_r
                0x08001a9c       0xb4 c:/program files (x86)/gnu tools arm embedded/7 2017-q4-major/bin/../lib/gcc/arm-none-eabi/7.2.1/../../../../arm-none-eabi/lib/thumb/v7-m\libg_nano.a(lib_a-nano-svfprintf.o)
                0x08001a9c                __ssputs_r
 .text._svfprintf_r
                0x08001b50      0x1ec c:/program files (x86)/gnu tools arm embedded/7 2017-q4-major/bin/../lib/gcc/arm-none-eabi/7.2.1/../../../../arm-none-eabi/lib/thumb/v7-m\libg_nano.a(lib_a-nano-svfprintf.o)
                0x08001b50                _svfiprintf_r
                0x08001b50                _svfprintf_r
 .text._printf_common
                0x08001d3c       0xec c:/program files (x86)/gnu tools arm embedded/7 2017-q4-major/bin/../lib/gcc/arm-none-eabi/7.2.1/../../../../arm-none-eabi/lib/thumb/v7-m\libg_nano.a(lib_a-nano-vfprintf_i.o)
                0x08001d3c                _printf_common
 .text._printf_i
                0x08001e28      0x224 c:/program files (x86)/gnu tools arm embedded/7 2017-q4-major/bin/../lib/gcc/arm-none-eabi/7.2.1/../../../../arm-none-eabi/lib/thumb/v7-m\libg_nano.a(lib_a-nano-vfprintf_i.o)
                0x08001e28                _printf_i
 .text.memchr   0x0800204c       0x1c c:/program files (x86)/gnu tools arm embedded/7 2017-q4-major/bin/../lib/gcc/arm-none-eabi/7.2.1/../../../../arm-none-eabi/lib/thumb/v7-m\libg_nano.a(lib_a-memchr-stub.o)
                0x0800204c                memchr
 .text.memcpy   0x08002068       0x16 c:/program files (x86)/gnu tools arm embedded/7 2017-q4-major/bin/../lib/gcc/arm-none-eabi/7.2.1/../../../../arm-none-eabi/lib/thumb/v7-m\libg_nano.a(lib_a-memcpy-stub.o)
                0x08002068                memcpy
 .text.memmove  0x0800207e       0x32 c:/program files (x86)/gnu tools arm embedded/7 2017-q4-major/bin/../lib/gcc/arm-none-eabi/7.2.1/../../../../arm-none-eabi/lib/thumb/v7-m\libg_nano.a(lib_a-memmove.o)
                0x0800207e                memmove
 .text._free_r  0x080020b0       0x98 c:/program files (x86)/gnu tools arm embedded/7 2017-q4-major/bin/../lib/gcc/arm-none-eabi/7.2.1/../../../../arm-none-eabi/lib/thumb/v7-m\libg_nano.a(lib_a-nano-freer.o)
                0x080020b0                _free_r
 .text._malloc_r
                0x08002148       0xb4 c:/program files (x86)/gnu tools arm embedded/7 2017-q4-major/bin/../lib/gcc/arm-none-eabi/7.2.1/../../../../arm-none-eabi/lib/thumb/v7-m\libg_nano.a(lib_a-nano-mallocr.o)
                0x08002148                _malloc_r
 .text._realloc_r
                0x080021fc       0x4c c:/program files (x86)/gnu tools arm embedded/7 2017-q4-major/bin/../lib/gcc/arm-none-eabi/7.2.1/../../../../arm-none-eabi/lib/thumb/v7-m\libg_nano.a(lib_a-nano-reallocr.o)
                0x080021fc                _realloc_r
 .text._sbrk_r  0x08002248       0x20 c:/program files (x86)/gnu tools arm embedded/7 2017-q4-major/bin/../lib/gcc/arm-none-eabi/7.2.1/../../../../arm-none-eabi/lib/thumb/v7-m\libg_nano.a(lib_a-sbrkr.o)
                0x08002248                _sbrk_r
 .text.__malloc_lock
                0x08002268        0x2 c:/program files (x86)/gnu tools arm embedded/7 2017-q4-major/bin/../lib/gcc/arm-none-eabi/7.2.1/../../../../arm-none-eabi/lib/thumb/v7-m\libg_nano.a(lib_a-mlock.o)
                0x08002268                __malloc_lock
 .text.__malloc_unlock
                0x0800226a        0x2 c:/program files (x86)/gnu tools arm embedded/7 2017-q4-major/bin/../lib/gcc/arm-none-eabi/7.2.1/../../../../arm-none-eabi/lib/thumb/v7-m\libg_nano.a(lib_a-mlock.o)
                0x0800226a                __malloc_unlock
 .text._malloc_usable_size_r
                0x0800226c       0x10 c:/program files (x86)/gnu tools arm embedded/7 2017-q4-major/bin/../lib/gcc/arm-none-eabi/7.2.1/../../../../arm-none-eabi/lib/thumb/v7-m\libg_nano.a(lib_a-nano-msizer.o)
                0x0800226c                _malloc_usable_size_r
 *(.rodata .rodata.* .constdata .constdata.*)
 .rodata.GPIO_DeInit.str1.4
                0x0800227c       0x31 ./system/src/stm32f1-stdperiph/stm32f10x_gpio.o
 *fill*         0x080022ad        0x3 
 .rodata.I2C_DeInit.str1.4
                0x080022b0       0x30 ./system/src/stm32f1-stdperiph/stm32f10x_i2c.o
 .rodata.RCC_HSEConfig.str1.4
                0x080022e0       0x30 ./system/src/stm32f1-stdperiph/stm32f10x_rcc.o
 .rodata.abort.str1.4
                0x08002310       0x14 ./system/src/newlib/_exit.o
 .rodata.assert_failed.str1.4
                0x08002324       0x2b ./system/src/newlib/assert.o
 .rodata.trace_puts.str1.4
                0x0800234f       0x2b ./system/src/diag/Trace.o
                                  0x2 (size before relaxing)
 *fill*         0x0800234f        0x1 
 .rodata.dumpExceptionStack.str1.4
                0x08002350      0x11a ./system/src/cortexm/exception_handlers.o
 *fill*         0x0800246a        0x2 
 .rodata.str1.4
                0x0800246c       0x2a ./system/src/cortexm/exception_handlers.o
 *fill*         0x08002496        0x2 
 .rodata.main.str1.4
                0x08002498       0x90 ./src/main.o
                                 0x8d (size before relaxing)
 .rodata._svfprintf_r.str1.1
                0x08002528       0x11 c:/program files (x86)/gnu tools arm embedded/7 2017-q4-major/bin/../lib/gcc/arm-none-eabi/7.2.1/../../../../arm-none-eabi/lib/thumb/v7-m\libg_nano.a(lib_a-nano-svfprintf.o)
 .rodata._printf_i.str1.1
                0x08002539       0x22 c:/program files (x86)/gnu tools arm embedded/7 2017-q4-major/bin/../lib/gcc/arm-none-eabi/7.2.1/../../../../arm-none-eabi/lib/thumb/v7-m\libg_nano.a(lib_a-nano-vfprintf_i.o)
 *(vtable)
 *(.eh_frame*)
 *(.glue_7)
 .glue_7        0x0800255b        0x0 linker stubs
 *(.glue_7t)
 .glue_7t       0x0800255b        0x0 linker stubs

.vfp11_veneer   0x0800255c        0x0
 .vfp11_veneer  0x0800255c        0x0 linker stubs

.v4_bx          0x0800255c        0x0
 .v4_bx         0x0800255c        0x0 linker stubs

.iplt           0x0800255c        0x0
 .iplt          0x0800255c        0x0 ./system/src/stm32f1-stdperiph/stm32f10x_gpio.o

.rel.dyn        0x0800255c        0x0
 .rel.iplt      0x0800255c        0x0 ./system/src/stm32f1-stdperiph/stm32f10x_gpio.o

.ARM.extab
 *(.ARM.extab* .gnu.linkonce.armextab.*)
                0x0800255c                . = ALIGN (0x4)
                0x0800255c                __exidx_start = .

.ARM.exidx
 *(.ARM.exidx* .gnu.linkonce.armexidx.*)
                0x0800255c                __exidx_end = .
                0x0800255c                . = ALIGN (0x4)
                0x0800255c                _etext = .
                0x0800255c                __etext = .

.data_CCMRAM    0x00000000        0x0 load address 0x0800255c
 FILL mask 0xff
 *(.data.CCMRAM .data.CCMRAM.*)
                0x00000000                . = ALIGN (0x4)
                0x0800255c                _sidata = LOADADDR (.data)

.data           0x20000000       0x9c load address 0x0800255c
 FILL mask 0xff
                0x20000000                _sdata = .
                0x20000000                __data_start__ = .
 *(.data_begin .data_begin.*)
 .data_begin    0x20000000        0x4 ./system/src/newlib/_startup.o
 *(.data .data.*)
 .data.ADCPrescTable
                0x20000004        0x4 ./system/src/stm32f1-stdperiph/stm32f10x_rcc.o
 .data.APBAHBPrescTable
                0x20000008       0x10 ./system/src/stm32f1-stdperiph/stm32f10x_rcc.o
 .data.argv.4310
                0x20000018        0x8 ./system/src/newlib/_syscalls.o
 .data.AHBPrescTable
                0x20000020       0x10 ./system/src/cmsis/system_stm32f10x.o
                0x20000020                AHBPrescTable
 .data.SystemCoreClock
                0x20000030        0x4 ./system/src/cmsis/system_stm32f10x.o
                0x20000030                SystemCoreClock
 .data._impure_ptr
                0x20000034        0x4 c:/program files (x86)/gnu tools arm embedded/7 2017-q4-major/bin/../lib/gcc/arm-none-eabi/7.2.1/../../../../arm-none-eabi/lib/thumb/v7-m\libg_nano.a(lib_a-impure.o)
                0x20000034                _impure_ptr
 .data.impure_data
                0x20000038       0x60 c:/program files (x86)/gnu tools arm embedded/7 2017-q4-major/bin/../lib/gcc/arm-none-eabi/7.2.1/../../../../arm-none-eabi/lib/thumb/v7-m\libg_nano.a(lib_a-impure.o)
 *(.data_end .data_end.*)
 .data_end      0x20000098        0x4 ./system/src/newlib/_startup.o
                0x2000009c                . = ALIGN (0x4)
                0x2000009c                _edata = .
                0x2000009c                __data_end__ = .

.igot.plt       0x2000009c        0x0 load address 0x080025f8
 .igot.plt      0x2000009c        0x0 ./system/src/stm32f1-stdperiph/stm32f10x_gpio.o

.bss_CCMRAM     0x00000000        0x0
 *(.bss.CCMRAM .bss.CCMRAM.*)

.bss            0x2000009c       0xa0
                0x2000009c                __bss_start__ = .
                0x2000009c                _sbss = .
 *(.bss_begin .bss_begin.*)
 .bss_begin     0x2000009c        0x4 ./system/src/newlib/_startup.o
 *(.bss .bss.*)
 .bss.current_heap_end.3961
                0x200000a0        0x4 ./system/src/newlib/_sbrk.o
 .bss.name.4309
                0x200000a4        0x1 ./system/src/newlib/_syscalls.o
 *fill*         0x200000a5        0x3 
 .bss.buf.5205  0x200000a8       0x80 ./system/src/diag/Trace.o
 .bss.__malloc_free_list
                0x20000128        0x4 c:/program files (x86)/gnu tools arm embedded/7 2017-q4-major/bin/../lib/gcc/arm-none-eabi/7.2.1/../../../../arm-none-eabi/lib/thumb/v7-m\libg_nano.a(lib_a-nano-mallocr.o)
                0x20000128                __malloc_free_list
 .bss.__malloc_sbrk_start
                0x2000012c        0x4 c:/program files (x86)/gnu tools arm embedded/7 2017-q4-major/bin/../lib/gcc/arm-none-eabi/7.2.1/../../../../arm-none-eabi/lib/thumb/v7-m\libg_nano.a(lib_a-nano-mallocr.o)
                0x2000012c                __malloc_sbrk_start
 *(COMMON)
 COMMON         0x20000130        0x4 ./system/src/newlib/_syscalls.o
                0x20000130                errno
 COMMON         0x20000134        0x4 ./src/sensordriver/mpu6050_i2c_driver.o
                0x20000134                MPU6050_Settings
 *(.bss_end .bss_end.*)
 .bss_end       0x20000138        0x4 ./system/src/newlib/_startup.o
                0x2000013c                . = ALIGN (0x4)
                0x2000013c                __bss_end__ = .
                0x2000013c                _ebss = .

.noinit_CCMRAM
 *(.noinit.CCMRAM .noinit.CCMRAM.*)

.noinit         0x2000013c        0x0
                0x2000013c                _noinit = .
 *(.noinit .noinit.*)
                0x2000013c                . = ALIGN (0x4)
                0x2000013c                _end_noinit = .
                [!provide]                PROVIDE (end, _end_noinit)
                [!provide]                PROVIDE (_end, _end_noinit)
                [!provide]                PROVIDE (__end, _end_noinit)
                [!provide]                PROVIDE (__end__, _end_noinit)

._check_stack   0x2000013c      0x100
                0x2000023c                . = (. + _Minimum_Stack_Size)
 *fill*         0x2000013c      0x100 

.b1text
 *(.b1text)
 *(.b1rodata)
 *(.b1rodata.*)

.eb0text
 *(.eb0text)
 *(.eb0rodata)
 *(.eb0rodata.*)

.eb1text
 *(.eb1text)
 *(.eb1rodata)
 *(.eb1rodata.*)

.eb2text
 *(.eb2text)
 *(.eb2rodata)
 *(.eb2rodata.*)

.eb3text
 *(.eb3text)
 *(.eb3rodata)
 *(.eb3rodata.*)

.stab
 *(.stab)

.stabstr
 *(.stabstr)

.stab.excl
 *(.stab.excl)

.stab.exclstr
 *(.stab.exclstr)

.stab.index
 *(.stab.index)

.stab.indexstr
 *(.stab.indexstr)

.comment        0x00000000       0x7e
 *(.comment)
 .comment       0x00000000       0x7e ./system/src/stm32f1-stdperiph/stm32f10x_gpio.o
                                 0x7f (size before relaxing)
 .comment       0x0000007e       0x7f ./system/src/stm32f1-stdperiph/stm32f10x_i2c.o
 .comment       0x0000007e       0x7f ./system/src/stm32f1-stdperiph/stm32f10x_rcc.o
 .comment       0x0000007e       0x7f ./system/src/newlib/_exit.o
 .comment       0x0000007e       0x7f ./system/src/newlib/_sbrk.o
 .comment       0x0000007e       0x7f ./system/src/newlib/_startup.o
 .comment       0x0000007e       0x7f ./system/src/newlib/_syscalls.o
 .comment       0x0000007e       0x7f ./system/src/newlib/assert.o
 .comment       0x0000007e       0x7f ./system/src/diag/Trace.o
 .comment       0x0000007e       0x7f ./system/src/diag/trace_impl.o
 .comment       0x0000007e       0x7f ./system/src/cortexm/_initialize_hardware.o
 .comment       0x0000007e       0x7f ./system/src/cortexm/exception_handlers.o
 .comment       0x0000007e       0x7f ./system/src/cmsis/system_stm32f10x.o
 .comment       0x0000007e       0x7f ./system/src/cmsis/vectors_stm32f10x.o
 .comment       0x0000007e       0x7f ./src/sensordriver/mpu6050_i2c_driver.o
 .comment       0x0000007e       0x7f ./src/peryphdriver/i2c_driver.o
 .comment       0x0000007e       0x7f ./src/main.o

.ARM.attributes
                0x00000000       0x31
 .ARM.attributes
                0x00000000       0x33 ./system/src/stm32f1-stdperiph/stm32f10x_gpio.o
 .ARM.attributes
                0x00000033       0x33 ./system/src/stm32f1-stdperiph/stm32f10x_i2c.o
 .ARM.attributes
                0x00000066       0x33 ./system/src/stm32f1-stdperiph/stm32f10x_rcc.o
 .ARM.attributes
                0x00000099       0x33 ./system/src/newlib/_exit.o
 .ARM.attributes
                0x000000cc       0x33 ./system/src/newlib/_sbrk.o
 .ARM.attributes
                0x000000ff       0x33 ./system/src/newlib/_startup.o
 .ARM.attributes
                0x00000132       0x33 ./system/src/newlib/_syscalls.o
 .ARM.attributes
                0x00000165       0x33 ./system/src/newlib/assert.o
 .ARM.attributes
                0x00000198       0x33 ./system/src/diag/Trace.o
 .ARM.attributes
                0x000001cb       0x33 ./system/src/diag/trace_impl.o
 .ARM.attributes
                0x000001fe       0x33 ./system/src/cortexm/_initialize_hardware.o
 .ARM.attributes
                0x00000231       0x33 ./system/src/cortexm/exception_handlers.o
 .ARM.attributes
                0x00000264       0x33 ./system/src/cmsis/system_stm32f10x.o
 .ARM.attributes
                0x00000297       0x33 ./system/src/cmsis/vectors_stm32f10x.o
 .ARM.attributes
                0x000002ca       0x33 ./src/sensordriver/mpu6050_i2c_driver.o
 .ARM.attributes
                0x000002fd       0x33 ./src/peryphdriver/i2c_driver.o
 .ARM.attributes
                0x00000330       0x33 ./src/main.o
 .ARM.attributes
                0x00000363       0x1d c:/program files (x86)/gnu tools arm embedded/7 2017-q4-major/bin/../lib/gcc/arm-none-eabi/7.2.1/thumb/v7-m\libgcc.a(_arm_addsubdf3.o)
 .ARM.attributes
                0x00000380       0x1d c:/program files (x86)/gnu tools arm embedded/7 2017-q4-major/bin/../lib/gcc/arm-none-eabi/7.2.1/thumb/v7-m\libgcc.a(_arm_fixdfsi.o)
 .ARM.attributes
                0x0000039d       0x2d c:/program files (x86)/gnu tools arm embedded/7 2017-q4-major/bin/../lib/gcc/arm-none-eabi/7.2.1/../../../../arm-none-eabi/lib/thumb/v7-m\libg_nano.a(lib_a-errno.o)
 .ARM.attributes
                0x000003ca       0x2d c:/program files (x86)/gnu tools arm embedded/7 2017-q4-major/bin/../lib/gcc/arm-none-eabi/7.2.1/../../../../arm-none-eabi/lib/thumb/v7-m\libg_nano.a(lib_a-impure.o)
 .ARM.attributes
                0x000003f7       0x2d c:/program files (x86)/gnu tools arm embedded/7 2017-q4-major/bin/../lib/gcc/arm-none-eabi/7.2.1/../../../../arm-none-eabi/lib/thumb/v7-m\libg_nano.a(lib_a-snprintf.o)
 .ARM.attributes
                0x00000424       0x2d c:/program files (x86)/gnu tools arm embedded/7 2017-q4-major/bin/../lib/gcc/arm-none-eabi/7.2.1/../../../../arm-none-eabi/lib/thumb/v7-m\libg_nano.a(lib_a-sprintf.o)
 .ARM.attributes
                0x00000451       0x17 c:/program files (x86)/gnu tools arm embedded/7 2017-q4-major/bin/../lib/gcc/arm-none-eabi/7.2.1/../../../../arm-none-eabi/lib/thumb/v7-m\libg_nano.a(lib_a-strlen.o)
 .ARM.attributes
                0x00000468       0x2d c:/program files (x86)/gnu tools arm embedded/7 2017-q4-major/bin/../lib/gcc/arm-none-eabi/7.2.1/../../../../arm-none-eabi/lib/thumb/v7-m\libg_nano.a(lib_a-vsnprintf.o)
 .ARM.attributes
                0x00000495       0x2d c:/program files (x86)/gnu tools arm embedded/7 2017-q4-major/bin/../lib/gcc/arm-none-eabi/7.2.1/../../../../arm-none-eabi/lib/thumb/v7-m\libg_nano.a(lib_a-nano-svfprintf.o)
 .ARM.attributes
                0x000004c2       0x2d c:/program files (x86)/gnu tools arm embedded/7 2017-q4-major/bin/../lib/gcc/arm-none-eabi/7.2.1/../../../../arm-none-eabi/lib/thumb/v7-m\libg_nano.a(lib_a-nano-vfprintf_i.o)
 .ARM.attributes
                0x000004ef       0x2d c:/program files (x86)/gnu tools arm embedded/7 2017-q4-major/bin/../lib/gcc/arm-none-eabi/7.2.1/../../../../arm-none-eabi/lib/thumb/v7-m\libg_nano.a(lib_a-memchr-stub.o)
 .ARM.attributes
                0x0000051c       0x2d c:/program files (x86)/gnu tools arm embedded/7 2017-q4-major/bin/../lib/gcc/arm-none-eabi/7.2.1/../../../../arm-none-eabi/lib/thumb/v7-m\libg_nano.a(lib_a-memcpy-stub.o)
 .ARM.attributes
                0x00000549       0x2d c:/program files (x86)/gnu tools arm embedded/7 2017-q4-major/bin/../lib/gcc/arm-none-eabi/7.2.1/../../../../arm-none-eabi/lib/thumb/v7-m\libg_nano.a(lib_a-memmove.o)
 .ARM.attributes
                0x00000576       0x2d c:/program files (x86)/gnu tools arm embedded/7 2017-q4-major/bin/../lib/gcc/arm-none-eabi/7.2.1/../../../../arm-none-eabi/lib/thumb/v7-m\libg_nano.a(lib_a-nano-freer.o)
 .ARM.attributes
                0x000005a3       0x2d c:/program files (x86)/gnu tools arm embedded/7 2017-q4-major/bin/../lib/gcc/arm-none-eabi/7.2.1/../../../../arm-none-eabi/lib/thumb/v7-m\libg_nano.a(lib_a-nano-mallocr.o)
 .ARM.attributes
                0x000005d0       0x2d c:/program files (x86)/gnu tools arm embedded/7 2017-q4-major/bin/../lib/gcc/arm-none-eabi/7.2.1/../../../../arm-none-eabi/lib/thumb/v7-m\libg_nano.a(lib_a-nano-reallocr.o)
 .ARM.attributes
                0x000005fd       0x2d c:/program files (x86)/gnu tools arm embedded/7 2017-q4-major/bin/../lib/gcc/arm-none-eabi/7.2.1/../../../../arm-none-eabi/lib/thumb/v7-m\libg_nano.a(lib_a-sbrkr.o)
 .ARM.attributes
                0x0000062a       0x2d c:/program files (x86)/gnu tools arm embedded/7 2017-q4-major/bin/../lib/gcc/arm-none-eabi/7.2.1/../../../../arm-none-eabi/lib/thumb/v7-m\libg_nano.a(lib_a-mlock.o)
 .ARM.attributes
                0x00000657       0x2d c:/program files (x86)/gnu tools arm embedded/7 2017-q4-major/bin/../lib/gcc/arm-none-eabi/7.2.1/../../../../arm-none-eabi/lib/thumb/v7-m\libg_nano.a(lib_a-nano-msizer.o)

.debug
 *(.debug)

.line
 *(.line)

.debug_srcinfo
 *(.debug_srcinfo)

.debug_sfnames
 *(.debug_sfnames)

.debug_aranges  0x00000000      0x5f8
 *(.debug_aranges)
 .debug_aranges
                0x00000000       0xa8 ./system/src/stm32f1-stdperiph/stm32f10x_gpio.o
 .debug_aranges
                0x000000a8      0x120 ./system/src/stm32f1-stdperiph/stm32f10x_i2c.o
 .debug_aranges
                0x000001c8      0x118 ./system/src/stm32f1-stdperiph/stm32f10x_rcc.o
 .debug_aranges
                0x000002e0       0x28 ./system/src/newlib/_exit.o
 .debug_aranges
                0x00000308       0x20 ./system/src/newlib/_sbrk.o
 .debug_aranges
                0x00000328       0x40 ./system/src/newlib/_startup.o
 .debug_aranges
                0x00000368       0x30 ./system/src/newlib/_syscalls.o
 .debug_aranges
                0x00000398       0x28 ./system/src/newlib/assert.o
 .debug_aranges
                0x000003c0       0x38 ./system/src/diag/Trace.o
 .debug_aranges
                0x000003f8       0x30 ./system/src/diag/trace_impl.o
 .debug_aranges
                0x00000428       0x28 ./system/src/cortexm/_initialize_hardware.o
 .debug_aranges
                0x00000450       0x90 ./system/src/cortexm/exception_handlers.o
 .debug_aranges
                0x000004e0       0x38 ./system/src/cmsis/system_stm32f10x.o
 .debug_aranges
                0x00000518       0x20 ./system/src/cmsis/vectors_stm32f10x.o
 .debug_aranges
                0x00000538       0x60 ./src/sensordriver/mpu6050_i2c_driver.o
 .debug_aranges
                0x00000598       0x40 ./src/peryphdriver/i2c_driver.o
 .debug_aranges
                0x000005d8       0x20 ./src/main.o

.debug_pubnames
 *(.debug_pubnames)

.debug_info     0x00000000     0x9d95
 *(.debug_info .gnu.linkonce.wi.*)
 .debug_info    0x00000000      0xbd3 ./system/src/stm32f1-stdperiph/stm32f10x_gpio.o
 .debug_info    0x00000bd3     0x12d4 ./system/src/stm32f1-stdperiph/stm32f10x_i2c.o
 .debug_info    0x00001ea7      0xc77 ./system/src/stm32f1-stdperiph/stm32f10x_rcc.o
 .debug_info    0x00002b1e      0x956 ./system/src/newlib/_exit.o
 .debug_info    0x00003474      0x942 ./system/src/newlib/_sbrk.o
 .debug_info    0x00003db6      0x42e ./system/src/newlib/_startup.o
 .debug_info    0x000041e4      0xa19 ./system/src/newlib/_syscalls.o
 .debug_info    0x00004bfd      0x9ff ./system/src/newlib/assert.o
 .debug_info    0x000055fc      0xb2a ./system/src/diag/Trace.o
 .debug_info    0x00006126      0x363 ./system/src/diag/trace_impl.o
 .debug_info    0x00006489      0x2b5 ./system/src/cortexm/_initialize_hardware.o
 .debug_info    0x0000673e     0x1140 ./system/src/cortexm/exception_handlers.o
 .debug_info    0x0000787e      0x494 ./system/src/cmsis/system_stm32f10x.o
 .debug_info    0x00007d12       0xca ./system/src/cmsis/vectors_stm32f10x.o
 .debug_info    0x00007ddc      0x6b5 ./src/sensordriver/mpu6050_i2c_driver.o
 .debug_info    0x00008491      0x8ef ./src/peryphdriver/i2c_driver.o
 .debug_info    0x00008d80     0x1015 ./src/main.o

.debug_abbrev   0x00000000     0x1fd4
 *(.debug_abbrev)
 .debug_abbrev  0x00000000      0x209 ./system/src/stm32f1-stdperiph/stm32f10x_gpio.o
 .debug_abbrev  0x00000209      0x1f1 ./system/src/stm32f1-stdperiph/stm32f10x_i2c.o
 .debug_abbrev  0x000003fa      0x20b ./system/src/stm32f1-stdperiph/stm32f10x_rcc.o
 .debug_abbrev  0x00000605      0x1f3 ./system/src/newlib/_exit.o
 .debug_abbrev  0x000007f8      0x1fc ./system/src/newlib/_sbrk.o
 .debug_abbrev  0x000009f4      0x1b3 ./system/src/newlib/_startup.o
 .debug_abbrev  0x00000ba7      0x234 ./system/src/newlib/_syscalls.o
 .debug_abbrev  0x00000ddb      0x1f3 ./system/src/newlib/assert.o
 .debug_abbrev  0x00000fce      0x276 ./system/src/diag/Trace.o
 .debug_abbrev  0x00001244      0x1e2 ./system/src/diag/trace_impl.o
 .debug_abbrev  0x00001426       0xea ./system/src/cortexm/_initialize_hardware.o
 .debug_abbrev  0x00001510      0x32b ./system/src/cortexm/exception_handlers.o
 .debug_abbrev  0x0000183b      0x177 ./system/src/cmsis/system_stm32f10x.o
 .debug_abbrev  0x000019b2       0x9d ./system/src/cmsis/vectors_stm32f10x.o
 .debug_abbrev  0x00001a4f      0x181 ./src/sensordriver/mpu6050_i2c_driver.o
 .debug_abbrev  0x00001bd0      0x17b ./src/peryphdriver/i2c_driver.o
 .debug_abbrev  0x00001d4b      0x289 ./src/main.o

.debug_line     0x00000000     0x5720
 *(.debug_line)
 .debug_line    0x00000000      0x903 ./system/src/stm32f1-stdperiph/stm32f10x_gpio.o
 .debug_line    0x00000903      0xa36 ./system/src/stm32f1-stdperiph/stm32f10x_i2c.o
 .debug_line    0x00001339      0x87c ./system/src/stm32f1-stdperiph/stm32f10x_rcc.o
 .debug_line    0x00001bb5      0x36f ./system/src/newlib/_exit.o
 .debug_line    0x00001f24      0x323 ./system/src/newlib/_sbrk.o
 .debug_line    0x00002247      0x3dd ./system/src/newlib/_startup.o
 .debug_line    0x00002624      0x441 ./system/src/newlib/_syscalls.o
 .debug_line    0x00002a65      0x3aa ./system/src/newlib/assert.o
 .debug_line    0x00002e0f      0x3eb ./system/src/diag/Trace.o
 .debug_line    0x000031fa      0x658 ./system/src/diag/trace_impl.o
 .debug_line    0x00003852      0x37c ./system/src/cortexm/_initialize_hardware.o
 .debug_line    0x00003bce      0x71a ./system/src/cortexm/exception_handlers.o
 .debug_line    0x000042e8      0x3ef ./system/src/cmsis/system_stm32f10x.o
 .debug_line    0x000046d7      0x108 ./system/src/cmsis/vectors_stm32f10x.o
 .debug_line    0x000047df      0x45a ./src/sensordriver/mpu6050_i2c_driver.o
 .debug_line    0x00004c39      0x407 ./src/peryphdriver/i2c_driver.o
 .debug_line    0x00005040      0x6e0 ./src/main.o

.debug_frame    0x00000000     0x13e8
 *(.debug_frame)
 .debug_frame   0x00000000      0x1e8 ./system/src/stm32f1-stdperiph/stm32f10x_gpio.o
 .debug_frame   0x000001e8      0x3a8 ./system/src/stm32f1-stdperiph/stm32f10x_i2c.o
 .debug_frame   0x00000590      0x320 ./system/src/stm32f1-stdperiph/stm32f10x_rcc.o
 .debug_frame   0x000008b0       0x38 ./system/src/newlib/_exit.o
 .debug_frame   0x000008e8       0x28 ./system/src/newlib/_sbrk.o
 .debug_frame   0x00000910       0x7c ./system/src/newlib/_startup.o
 .debug_frame   0x0000098c       0x50 ./system/src/newlib/_syscalls.o
 .debug_frame   0x000009dc       0x40 ./system/src/newlib/assert.o
 .debug_frame   0x00000a1c       0x94 ./system/src/diag/Trace.o
 .debug_frame   0x00000ab0       0x64 ./system/src/diag/trace_impl.o
 .debug_frame   0x00000b14       0x40 ./system/src/cortexm/_initialize_hardware.o
 .debug_frame   0x00000b54      0x158 ./system/src/cortexm/exception_handlers.o
 .debug_frame   0x00000cac       0x6c ./system/src/cmsis/system_stm32f10x.o
 .debug_frame   0x00000d18       0x20 ./system/src/cmsis/vectors_stm32f10x.o
 .debug_frame   0x00000d38      0x128 ./src/sensordriver/mpu6050_i2c_driver.o
 .debug_frame   0x00000e60       0xb0 ./src/peryphdriver/i2c_driver.o
 .debug_frame   0x00000f10       0x30 ./src/main.o
 .debug_frame   0x00000f40       0xac c:/program files (x86)/gnu tools arm embedded/7 2017-q4-major/bin/../lib/gcc/arm-none-eabi/7.2.1/thumb/v7-m\libgcc.a(_arm_addsubdf3.o)
 .debug_frame   0x00000fec       0x24 c:/program files (x86)/gnu tools arm embedded/7 2017-q4-major/bin/../lib/gcc/arm-none-eabi/7.2.1/thumb/v7-m\libgcc.a(_arm_fixdfsi.o)
 .debug_frame   0x00001010       0x20 c:/program files (x86)/gnu tools arm embedded/7 2017-q4-major/bin/../lib/gcc/arm-none-eabi/7.2.1/../../../../arm-none-eabi/lib/thumb/v7-m\libg_nano.a(lib_a-errno.o)
 .debug_frame   0x00001030       0x7c c:/program files (x86)/gnu tools arm embedded/7 2017-q4-major/bin/../lib/gcc/arm-none-eabi/7.2.1/../../../../arm-none-eabi/lib/thumb/v7-m\libg_nano.a(lib_a-snprintf.o)
 .debug_frame   0x000010ac       0x6c c:/program files (x86)/gnu tools arm embedded/7 2017-q4-major/bin/../lib/gcc/arm-none-eabi/7.2.1/../../../../arm-none-eabi/lib/thumb/v7-m\libg_nano.a(lib_a-sprintf.o)
 .debug_frame   0x00001118       0x4c c:/program files (x86)/gnu tools arm embedded/7 2017-q4-major/bin/../lib/gcc/arm-none-eabi/7.2.1/../../../../arm-none-eabi/lib/thumb/v7-m\libg_nano.a(lib_a-vsnprintf.o)
 .debug_frame   0x00001164       0x90 c:/program files (x86)/gnu tools arm embedded/7 2017-q4-major/bin/../lib/gcc/arm-none-eabi/7.2.1/../../../../arm-none-eabi/lib/thumb/v7-m\libg_nano.a(lib_a-nano-svfprintf.o)
 .debug_frame   0x000011f4       0x60 c:/program files (x86)/gnu tools arm embedded/7 2017-q4-major/bin/../lib/gcc/arm-none-eabi/7.2.1/../../../../arm-none-eabi/lib/thumb/v7-m\libg_nano.a(lib_a-nano-vfprintf_i.o)
 .debug_frame   0x00001254       0x28 c:/program files (x86)/gnu tools arm embedded/7 2017-q4-major/bin/../lib/gcc/arm-none-eabi/7.2.1/../../../../arm-none-eabi/lib/thumb/v7-m\libg_nano.a(lib_a-memchr-stub.o)
 .debug_frame   0x0000127c       0x28 c:/program files (x86)/gnu tools arm embedded/7 2017-q4-major/bin/../lib/gcc/arm-none-eabi/7.2.1/../../../../arm-none-eabi/lib/thumb/v7-m\libg_nano.a(lib_a-memcpy-stub.o)
 .debug_frame   0x000012a4       0x28 c:/program files (x86)/gnu tools arm embedded/7 2017-q4-major/bin/../lib/gcc/arm-none-eabi/7.2.1/../../../../arm-none-eabi/lib/thumb/v7-m\libg_nano.a(lib_a-memmove.o)
 .debug_frame   0x000012cc       0x38 c:/program files (x86)/gnu tools arm embedded/7 2017-q4-major/bin/../lib/gcc/arm-none-eabi/7.2.1/../../../../arm-none-eabi/lib/thumb/v7-m\libg_nano.a(lib_a-nano-freer.o)
 .debug_frame   0x00001304       0x2c c:/program files (x86)/gnu tools arm embedded/7 2017-q4-major/bin/../lib/gcc/arm-none-eabi/7.2.1/../../../../arm-none-eabi/lib/thumb/v7-m\libg_nano.a(lib_a-nano-mallocr.o)
 .debug_frame   0x00001330       0x3c c:/program files (x86)/gnu tools arm embedded/7 2017-q4-major/bin/../lib/gcc/arm-none-eabi/7.2.1/../../../../arm-none-eabi/lib/thumb/v7-m\libg_nano.a(lib_a-nano-reallocr.o)
 .debug_frame   0x0000136c       0x2c c:/program files (x86)/gnu tools arm embedded/7 2017-q4-major/bin/../lib/gcc/arm-none-eabi/7.2.1/../../../../arm-none-eabi/lib/thumb/v7-m\libg_nano.a(lib_a-sbrkr.o)
 .debug_frame   0x00001398       0x30 c:/program files (x86)/gnu tools arm embedded/7 2017-q4-major/bin/../lib/gcc/arm-none-eabi/7.2.1/../../../../arm-none-eabi/lib/thumb/v7-m\libg_nano.a(lib_a-mlock.o)
 .debug_frame   0x000013c8       0x20 c:/program files (x86)/gnu tools arm embedded/7 2017-q4-major/bin/../lib/gcc/arm-none-eabi/7.2.1/../../../../arm-none-eabi/lib/thumb/v7-m\libg_nano.a(lib_a-nano-msizer.o)

.debug_str      0x00000000    0x57f71
 *(.debug_str)
 .debug_str     0x00000000    0x4ebd0 ./system/src/stm32f1-stdperiph/stm32f10x_gpio.o
                              0x4ed43 (size before relaxing)
 .debug_str     0x0004ebd0      0x93c ./system/src/stm32f1-stdperiph/stm32f10x_i2c.o
                              0x4f0f7 (size before relaxing)
 .debug_str     0x0004f50c      0xaaa ./system/src/stm32f1-stdperiph/stm32f10x_rcc.o
                              0x4f312 (size before relaxing)
 .debug_str     0x0004ffb6     0x4ffb ./system/src/newlib/_exit.o
                               0x7ecf (size before relaxing)
 .debug_str     0x00054fb1      0x4f5 ./system/src/newlib/_sbrk.o
                               0x7281 (size before relaxing)
 .debug_str     0x000554a6      0x260 ./system/src/newlib/_startup.o
                               0x69bc (size before relaxing)
 .debug_str     0x00055706      0xe8b ./system/src/newlib/_syscalls.o
                               0x815c (size before relaxing)
 .debug_str     0x00056591       0xd0 ./system/src/newlib/assert.o
                               0x89d4 (size before relaxing)
 .debug_str     0x00056661      0x819 ./system/src/diag/Trace.o
                               0x8647 (size before relaxing)
 .debug_str     0x00056e7a      0x37b ./system/src/diag/trace_impl.o
                              0x52a3c (size before relaxing)
 .debug_str     0x000571f5       0xb2 ./system/src/cortexm/_initialize_hardware.o
                              0x4e82d (size before relaxing)
 .debug_str     0x000572a7      0x19d ./system/src/cortexm/exception_handlers.o
                              0x53c61 (size before relaxing)
 .debug_str     0x00057444       0x96 ./system/src/cmsis/system_stm32f10x.o
                              0x4e8c7 (size before relaxing)
 .debug_str     0x000574da       0x57 ./system/src/cmsis/vectors_stm32f10x.o
                               0x385d (size before relaxing)
 .debug_str     0x00057531      0x962 ./src/sensordriver/mpu6050_i2c_driver.o
                              0x4f123 (size before relaxing)
 .debug_str     0x00057e93       0x9d ./src/peryphdriver/i2c_driver.o
                              0x4eb0f (size before relaxing)
 .debug_str     0x00057f30       0x41 ./src/main.o
                              0x54a3a (size before relaxing)

.debug_loc      0x00000000     0x2c25
 *(.debug_loc)
 .debug_loc     0x00000000      0x870 ./system/src/stm32f1-stdperiph/stm32f10x_gpio.o
 .debug_loc     0x00000870      0xc2a ./system/src/stm32f1-stdperiph/stm32f10x_i2c.o
 .debug_loc     0x0000149a      0xa63 ./system/src/stm32f1-stdperiph/stm32f10x_rcc.o
 .debug_loc     0x00001efd       0x85 ./system/src/newlib/_sbrk.o
 .debug_loc     0x00001f82      0x1a9 ./system/src/newlib/_startup.o
 .debug_loc     0x0000212b       0x63 ./system/src/newlib/_syscalls.o
 .debug_loc     0x0000218e      0x134 ./system/src/newlib/assert.o
 .debug_loc     0x000022c2       0xf6 ./system/src/diag/Trace.o
 .debug_loc     0x000023b8      0x121 ./system/src/diag/trace_impl.o
 .debug_loc     0x000024d9      0x291 ./system/src/cortexm/exception_handlers.o
 .debug_loc     0x0000276a       0xdf ./system/src/cmsis/system_stm32f10x.o
 .debug_loc     0x00002849      0x133 ./src/sensordriver/mpu6050_i2c_driver.o
 .debug_loc     0x0000297c      0x1d3 ./src/peryphdriver/i2c_driver.o
 .debug_loc     0x00002b4f       0xd6 ./src/main.o

.debug_macinfo
 *(.debug_macinfo)

.debug_weaknames
 *(.debug_weaknames)

.debug_funcnames
 *(.debug_funcnames)

.debug_typenames
 *(.debug_typenames)

.debug_varnames
 *(.debug_varnames)
OUTPUT(DroneCore.elf elf32-littlearm)

.debug_ranges   0x00000000      0x560
 .debug_ranges  0x00000000       0x98 ./system/src/stm32f1-stdperiph/stm32f10x_gpio.o
 .debug_ranges  0x00000098      0x110 ./system/src/stm32f1-stdperiph/stm32f10x_i2c.o
 .debug_ranges  0x000001a8      0x108 ./system/src/stm32f1-stdperiph/stm32f10x_rcc.o
 .debug_ranges  0x000002b0       0x18 ./system/src/newlib/_exit.o
 .debug_ranges  0x000002c8       0x10 ./system/src/newlib/_sbrk.o
 .debug_ranges  0x000002d8       0x78 ./system/src/newlib/_startup.o
 .debug_ranges  0x00000350       0x20 ./system/src/newlib/_syscalls.o
 .debug_ranges  0x00000370       0x18 ./system/src/newlib/assert.o
 .debug_ranges  0x00000388       0x28 ./system/src/diag/Trace.o
 .debug_ranges  0x000003b0       0x50 ./system/src/diag/trace_impl.o
 .debug_ranges  0x00000400       0x18 ./system/src/cortexm/_initialize_hardware.o
 .debug_ranges  0x00000418       0x80 ./system/src/cortexm/exception_handlers.o
 .debug_ranges  0x00000498       0x28 ./system/src/cmsis/system_stm32f10x.o
 .debug_ranges  0x000004c0       0x10 ./system/src/cmsis/vectors_stm32f10x.o
 .debug_ranges  0x000004d0       0x50 ./src/sensordriver/mpu6050_i2c_driver.o
 .debug_ranges  0x00000520       0x30 ./src/peryphdriver/i2c_driver.o
 .debug_ranges  0x00000550       0x10 ./src/main.o

.debug_macro    0x00000000     0x3fb2
 .debug_macro   0x00000000      0x1b9 ./system/src/stm32f1-stdperiph/stm32f10x_gpio.o
 .debug_macro   0x000001b9       0x8b ./system/src/stm32f1-stdperiph/stm32f10x_gpio.o
 .debug_macro   0x00000244      0x2a6 ./system/src/stm32f1-stdperiph/stm32f10x_gpio.o
 .debug_macro   0x000004ea      0x23d ./system/src/stm32f1-stdperiph/stm32f10x_i2c.o
 .debug_macro   0x00000727      0x2ae ./system/src/stm32f1-stdperiph/stm32f10x_i2c.o
 .debug_macro   0x000009d5      0x287 ./system/src/stm32f1-stdperiph/stm32f10x_rcc.o
 .debug_macro   0x00000c5c      0x3dc ./system/src/stm32f1-stdperiph/stm32f10x_rcc.o
 .debug_macro   0x00001038      0x1b4 ./system/src/newlib/_exit.o
 .debug_macro   0x000011ec       0x9c ./system/src/newlib/_exit.o
 .debug_macro   0x00001288      0x10e ./system/src/newlib/_exit.o
 .debug_macro   0x00001396       0x8d ./system/src/newlib/_exit.o
 .debug_macro   0x00001423       0x43 ./system/src/newlib/_exit.o
 .debug_macro   0x00001466      0x330 ./system/src/newlib/_exit.o
 .debug_macro   0x00001796       0x35 ./system/src/newlib/_exit.o
 .debug_macro   0x000017cb      0x169 ./system/src/newlib/_sbrk.o
 .debug_macro   0x00001934      0x174 ./system/src/newlib/_sbrk.o
 .debug_macro   0x00001aa8       0x10 ./system/src/newlib/_sbrk.o
 .debug_macro   0x00001ab8      0x23b ./system/src/newlib/_sbrk.o
 .debug_macro   0x00001cf3      0x173 ./system/src/newlib/_startup.o
 .debug_macro   0x00001e66      0x217 ./system/src/newlib/_syscalls.o
 .debug_macro   0x0000207d       0x1c ./system/src/newlib/_syscalls.o
 .debug_macro   0x00002099       0x10 ./system/src/newlib/_syscalls.o
 .debug_macro   0x000020a9       0x10 ./system/src/newlib/_syscalls.o
 .debug_macro   0x000020b9       0x10 ./system/src/newlib/_syscalls.o
 .debug_macro   0x000020c9       0x35 ./system/src/newlib/_syscalls.o
 .debug_macro   0x000020fe      0x122 ./system/src/newlib/_syscalls.o
 .debug_macro   0x00002220       0x88 ./system/src/newlib/_syscalls.o
 .debug_macro   0x000022a8       0x2b ./system/src/newlib/_syscalls.o
 .debug_macro   0x000022d3      0x118 ./system/src/newlib/_syscalls.o
 .debug_macro   0x000023eb      0x189 ./system/src/newlib/_syscalls.o
 .debug_macro   0x00002574       0x16 ./system/src/newlib/_syscalls.o
 .debug_macro   0x0000258a      0x1d0 ./system/src/newlib/assert.o
 .debug_macro   0x0000275a       0x1c ./system/src/newlib/assert.o
 .debug_macro   0x00002776      0x1fb ./system/src/diag/Trace.o
 .debug_macro   0x00002971       0x16 ./system/src/diag/Trace.o
 .debug_macro   0x00002987       0x97 ./system/src/diag/Trace.o
 .debug_macro   0x00002a1e       0xfd ./system/src/diag/Trace.o
 .debug_macro   0x00002b1b       0x10 ./system/src/diag/Trace.o
 .debug_macro   0x00002b2b       0x16 ./system/src/diag/Trace.o
 .debug_macro   0x00002b41      0x16f ./system/src/diag/Trace.o
 .debug_macro   0x00002cb0       0x4c ./system/src/diag/Trace.o
 .debug_macro   0x00002cfc       0x16 ./system/src/diag/Trace.o
 .debug_macro   0x00002d12      0x2da ./system/src/diag/trace_impl.o
 .debug_macro   0x00002fec       0x10 ./system/src/diag/trace_impl.o
 .debug_macro   0x00002ffc       0xcf ./system/src/diag/trace_impl.o
 .debug_macro   0x000030cb       0xbe ./system/src/diag/trace_impl.o
 .debug_macro   0x00003189       0x22 ./system/src/diag/trace_impl.o
 .debug_macro   0x000031ab      0x16b ./system/src/cortexm/_initialize_hardware.o
 .debug_macro   0x00003316      0x324 ./system/src/cortexm/exception_handlers.o
 .debug_macro   0x0000363a       0x3b ./system/src/cortexm/exception_handlers.o
 .debug_macro   0x00003675       0x10 ./system/src/cortexm/exception_handlers.o
 .debug_macro   0x00003685      0x16e ./system/src/cmsis/system_stm32f10x.o
 .debug_macro   0x000037f3       0x34 ./system/src/cmsis/vectors_stm32f10x.o
 .debug_macro   0x00003827      0x17a ./src/sensordriver/mpu6050_i2c_driver.o
 .debug_macro   0x000039a1      0x148 ./src/sensordriver/mpu6050_i2c_driver.o
 .debug_macro   0x00003ae9      0x16b ./src/peryphdriver/i2c_driver.o
 .debug_macro   0x00003c54      0x35e ./src/main.o
